Parsing _ibm_data/sqd_data_repository-main/integrals/2Fe-2S/fcidump_Fe2S2_MO.txt
[   15.4s] THEIR integrals loaded (ecore 0.000000)
[   25.6s] stage O3: subsampled 2,000,000 of 58,644,960 set entries (memory guard; seed 11)
[   28.5s] stage O3: BitArray built (2,000,000 unique keys, 2,000,000 shots)
[   28.5s] === arm symm1 (symmetrize_spin=True) SPB=500 NBATCH=3 DMAX=500 MAXIT=5 ===
[  717.8s] symm1 it1 b0: dim 500x500=250,000 E -115.888660 (err +716.949 mHa) THEIR S2 0.968
[  717.9s] symm1 it1 b1: dim 500x500=250,000 E -115.869005 (err +736.604 mHa) THEIR S2 3.004
[  718.0s] symm1 it1 b2: dim 500x500=250,000 E -115.767300 (err +838.309 mHa) THEIR S2 4.004
[ 2179.9s] symm1 it2 b0: dim 500x500=250,000 E -115.890580 (err +715.029 mHa) THEIR S2 0.970
[ 2180.0s] symm1 it2 b1: dim 500x500=250,000 E -116.055313 (err +550.296 mHa) THEIR S2 1.064
[ 2180.1s] symm1 it2 b2: dim 500x500=250,000 E -116.007332 (err +598.277 mHa) THEIR S2 2.493
[ 3535.4s] symm1 it3 b0: dim 500x500=250,000 E -116.062276 (err +543.333 mHa) THEIR S2 1.102
[ 3535.5s] symm1 it3 b1: dim 500x500=250,000 E -116.057963 (err +547.647 mHa) THEIR S2 1.071
[ 3535.6s] symm1 it3 b2: dim 500x500=250,000 E -116.101038 (err +504.571 mHa) THEIR S2 2.005
[ 4748.1s] symm1 it4 b0: dim 500x500=250,000 E -116.101557 (err +504.052 mHa) THEIR S2 2.007
[ 4748.2s] symm1 it4 b1: dim 500x500=250,000 E -116.103263 (err +502.346 mHa) THEIR S2 2.007
[ 4748.3s] symm1 it4 b2: dim 500x500=250,000 E -116.103046 (err +502.563 mHa) THEIR S2 2.024
[ 5950.3s] symm1 it5 b0: dim 500x500=250,000 E -116.103598 (err +502.011 mHa) THEIR S2 2.003
[ 5950.5s] symm1 it5 b1: dim 500x500=250,000 E -116.103827 (err +501.783 mHa) THEIR S2 2.008
[ 5950.6s] symm1 it5 b2: dim 500x500=250,000 E -116.103679 (err +501.930 mHa) THEIR S2 2.006
[ 5950.7s] symm1 BEST: E -116.103827 (err +501.783 mHa) THEIR S2 2.008 dim 500x500
[ 5950.7s] === arm symm0 (symmetrize_spin=False) SPB=500 NBATCH=3 DMAX=500 MAXIT=5 ===
[ 6441.6s] symm0 it1 b0: dim 486x484=235,224 E -116.160728 (err +444.881 mHa) THEIR S2 1.007
[ 6441.7s] symm0 it1 b1: dim 482x484=233,288 E -115.829179 (err +776.430 mHa) THEIR S2 3.995
[ 6441.8s] symm0 it1 b2: dim 486x480=233,280 E -115.975612 (err +629.997 mHa) THEIR S2 3.765
[ 7172.1s] symm0 it2 b0: dim 500x500=250,000 E -116.162586 (err +443.023 mHa) THEIR S2 1.013
[ 7172.2s] symm0 it2 b1: dim 500x500=250,000 E -116.173093 (err +432.516 mHa) THEIR S2 1.042
[ 7172.3s] symm0 it2 b2: dim 500x500=250,000 E -116.166739 (err +438.870 mHa) THEIR S2 1.019
[ 7965.5s] symm0 it3 b0: dim 500x500=250,000 E -116.176798 (err +428.811 mHa) THEIR S2 1.051
[ 7965.6s] symm0 it3 b1: dim 500x500=250,000 E -116.181627 (err +423.982 mHa) THEIR S2 1.101
[ 7965.7s] symm0 it3 b2: dim 500x500=250,000 E -116.178131 (err +427.478 mHa) THEIR S2 1.044
[ 8990.8s] symm0 it4 b0: dim 500x500=250,000 E -116.182788 (err +422.821 mHa) THEIR S2 1.106
[ 8990.9s] symm0 it4 b1: dim 500x500=250,000 E -116.184704 (err +420.905 mHa) THEIR S2 1.110
[ 8991.0s] symm0 it4 b2: dim 500x500=250,000 E -116.190927 (err +414.682 mHa) THEIR S2 1.068
[10196.3s] symm0 it5 b0: dim 500x500=250,000 E -116.227841 (err +377.768 mHa) THEIR S2 1.089
[10196.4s] symm0 it5 b1: dim 500x500=250,000 E -116.195569 (err +410.040 mHa) THEIR S2 1.093
[10196.5s] symm0 it5 b2: dim 500x500=250,000 E -116.198777 (err +406.832 mHa) THEIR S2 1.096
[10196.6s] symm0 BEST: E -116.227841 (err +377.768 mHa) THEIR S2 1.089 dim 500x500
LUCJOPT_DONE
