   sources: paper_sqd_spin_audit.md / paper_sqd_spin_audit.tex
   manuscript: main 19567 words (no SI file)
[PASS] fe2s2bs D=1011 table row  (E -116.456202 S2 4.978/4.977)
[PASS] fe2s2bs D=25734 table row  (E -116.569067 S2 4.893/4.921)
[PASS] fe2s2bs D=65124 table row  (E -116.584165 S2 4.779/4.863)
[PASS] fe2s2bs D=155030 table row  (E -116.592307 S2 4.659/4.809)
[PASS] fe2s2bs D=1011 symm dE0<1uHa  (0.000 uHa)
[PASS] fe2s2bs D=1011 S2-block ~ identity*soup  (span [4.978,4.978] vs r0 4.978)
[PASS] fe2s2bs D=5574 symm dE0<1uHa  (0.000 uHa)
[PASS] fe2s2bs D=5574 S2-block ~ identity*soup  (span [4.978,4.978] vs r0 4.978)
[PASS] fe2s2bs D=25734 symm dE0<1uHa  (0.000 uHa)
[PASS] fe2s2bs D=25734 S2-block ~ identity*soup  (span [4.893,4.893] vs r0 4.893)
[PASS] fe2s2bs D=65124 symm dE0<1uHa  (0.000 uHa)
[PASS] fe2s2bs D=65124 S2-block ~ identity*soup  (span [4.779,4.779] vs r0 4.779)
[PASS] fe2s2bs D=116270 symm dE0<1uHa  (0.000 uHa)
[PASS] fe2s2bs D=116270 S2-block ~ identity*soup  (span [4.698,4.698] vs r0 4.698)
[PASS] fe2s2bs D=155030 symm dE0<1uHa  (0.000 uHa)
[PASS] fe2s2bs D=155030 S2-block ~ identity*soup  (span [4.659,4.659] vs r0 4.659)
[PASS] fe2s2 D=1003 table row  (E -116.060455 S2 3.033/3.015)
[PASS] fe2s2 D=5053 table row  (E -116.155646 S2 2.050/2.073)
[PASS] fe2s2 D=24570 table row  (E -116.430693 S2 4.672/4.461)
[PASS] fe2s2 D=68825 table row  (E -116.579203 S2 4.824/4.876)
[PASS] fe2s2deep D=170448 table row  (E -116.591986 S2 4.669/4.810)
[PASS] fe2s2deep D=33632 symm dE0<1uHa  (0.000 uHa)
[PASS] fe2s2deep D=33632 S2-block ~ identity*soup  (span [4.955,4.955] vs r0 4.955)
[PASS] fe2s2deep D=71412 symm dE0<1uHa  (0.000 uHa)
[PASS] fe2s2deep D=71412 S2-block ~ identity*soup  (span [4.810,4.810] vs r0 4.810)
[PASS] fe2s2deep D=109151 symm dE0<1uHa  (0.000 uHa)
[PASS] fe2s2deep D=109151 S2-block ~ identity*soup  (span [4.745,4.745] vs r0 4.745)
[PASS] fe2s2deep D=170448 symm dE0<1uHa  (0.000 uHa)
[PASS] fe2s2deep D=170448 S2-block ~ identity*soup  (span [4.669,4.669] vs r0 4.669)
[PASS] fe4s4 D=1106 table row  (E -326.184317 S2 5.293/5.270)
[PASS] fe4s4 D=5905 table row  (E -326.385018 S2 6.053/5.914)
[PASS] fe4s4 D=17993 table row  (E -326.445889 S2 6.464/6.302)
[PASS] fe4s4 D=40435 table row  (E -326.484822 S2 7.004/9.284)
[PASS] fe4s4 D=1106 symm dE0<1uHa  (0.000 uHa)
[PASS] fe4s4 D=5905 symm dE0<1uHa  (0.000 uHa)
[PASS] fe4s4 D=5905 S2-block ~ identity*soup  (span [6.053,6.053] vs r0 6.053)
[PASS] fe4s4 D=17993 symm dE0<1uHa  (0.000 uHa)
[PASS] fe4s4 D=17993 S2-block ~ identity*soup  (span [6.464,6.464] vs r0 6.464)
[PASS] fe4s4 D=40435 symm dE0<1uHa  (0.000 uHa)
[PASS] fe4s4 D=40435 S2-block ~ identity*soup  (span [7.004,7.004] vs r0 7.004)
[PASS] symm reach: fe2s2deep 319,189 dets  (319189)
[PASS] symm reach: fe2s2bs 310,058  (310058)
[PASS] symm reach: fe4s4 80,755  (80755)
[PASS] sqdship it1 mean row  (dim 58,894 E -116.512801 err +92.81 S2 4.899)
[PASS] sqdship it2 mean row  (dim 114,270 E -116.542355 err +63.25 S2 4.875)
[PASS] sqdship it3 mean row  (dim 157,891 E -116.552998 err +52.61 S2 4.849)
[PASS] sqdship it4 mean row  (dim 192,740 E -116.559867 err +45.74 S2 4.837)
[PASS] sqdship best E +45.5 mHa  (+45.502)
[PASS] sqdship best S2 4.834
[PASS] symm1==symm0 per batch (<1nHa, dS2<1e-9)
[PASS] symm dim ratio 4.00x @it4  (['4.002', '4.001', '4.002'])
[PASS] it4 dims 194,481 vs 48,600 (b0)
[PASS] 1M shots -> 38,118 uniq  (38118 uniq / 1000000 shots)
[PASS] stage1 vec E -116.591986
[PASS] matched-cost inversion 3.3x  (3.34x)
[PASS] seed7 r090@4096 CIPSI beats exact-sampling  (+0.71 vs +1.93 mHa)
[PASS] r090@4096 CIPSI +0.71  (+0.713)
[PASS] r090@4096 exact +1.93  (+1.934)
[PASS] r090 LUCJ +64 mHa, 181 uniq  (+64.3 mHa, 181 uniq)
[PASS] r090 LUCJ-opt +35 mHa (50x CIPSI)  (+35.3 = 49x CIPSI)
[PASS] r090 exact-sampling 2,869 uniq  (2869)
[PASS] i180@4096 CIPSI +0.29 (converged control)  (+0.2851)
[PASS] i180 LUCJ 345 uniq  (345)
[PASS] seed11 r090@4096 CIPSI beats exact-sampling  (+0.71 vs +1.94 mHa)
[PASS] seed23 r090@4096 CIPSI beats exact-sampling  (+0.71 vs +1.93 mHa)
[PASS] round1 classical all trapped ~+21 @4096  (['+21.3', '+22.6', '+22.9'])
   round1 exact trajectory (D, Evar-FCI): [(64, np.float64(58.76)), (128, np.float64(37.66)), (256, np.float64(17.23)), (512, np.float64(7.66)), (1024, np.float64(4.19)), (2048, np.float64(2.57)), (4096, np.float64(1.91))]
[PASS] round1 exact escapes trap (@4096 << classical)  (exact @4096 +1.91)
   n2 qsci rows (N, uniq, ndets, E): [('1e+05', 1532, 2128, np.float64(-109.214852)), ('1e+06', 5138, 7571, np.float64(-109.228369)), ('1e+07', 18997, 26836, np.float64(-109.235809))]
[PASS] N2 10x samples -> only ~2.5-3.6x dets  (['3.56', '3.54'])
[PASS] N2 QSCI ~ HCI at matched dets (parity, no sampling win)  (gaps ['+3.12', '+0.46', '-0.56'] mHa)
[PASS] N2 R=2.0 nominal edge ~ -0.9 mHa (proxy artifact per paper)  (edges ['+8.44', '-0.19', '-1.12'] mHa)
[PASS] fe2s2 sector 240,374,016 (2.4e8)  (240,374,016)
[PASS] fe4s4 sector ~8.8e15  (8.863e+15)
[PASS] 155k = 0.065% of fe2s2 sector  (0.0645%)
[PASS] 40k ~ 5e-12 of fe4s4 sector  (4.56e-12)
[PASS] coupon: soup closed form vs measured @1e6 (<3%)  (38,129 vs 38,118)
[PASS] coupon: soup E[U]@1e8 ~131,667 of 170,448  (131,667)
[PASS] coupon: soup gamma@1e6 ~0.44  (0.441)
[PASS] coupon: n2eq closed form (deep vector) <3% at all shots  (max dev 0.014)
[PASS] coupon: n2r200 closed form (deep vector) <3% at all shots  (max dev 0.002)
[PASS] cost: sampled worse at matched D on all 6 point-seed combos  (['+1.22', '+1.13', '+1.23', '+1.12', '+1.22', '+1.11'] mHa)
[PASS] cost: N2 det inflation at matched accuracy in [0.85, 1.40] (parity)  (['1.22', '1.07', '0.88', '1.38', '0.99', '0.86'])
[PASS] their fe2s2 DMRG reference == our exact reference (basis-invariant)  (-116.6056091 (identical by construction; their classical_methods_energies.txt line))
[PASS] their 2Fe-2S FCIDUMP header NORB=20 NELEC=30  (&FCI NORB=  20,NELEC=30,MS2=0,)
[PASS] their 4Fe-4S FCIDUMP header NORB=36 NELEC=54  (&FCI NORB=  36,NELEC=54,MS2=0,)
[PASS] their fe2s2 eigenstate A: uniform beats hardware by ~1.9 mHa  (+1.90 mHa)
[PASS] their fe2s2 eigenstate B: uniform beats hardware by ~12.2 mHa  (+12.17 mHa)
[PASS] archive structure: hw B strict subset of hw C (C adds 7 rows)  (C extra 7)
[PASS] archive structure: hw A row-disjoint from hw C
[PASS] batch-resolved: uniform MEAN beats hardware MEAN at all 9 (stream, dimension) conditions (repeated measures on 2 independent streams)  (9/9)
[PASS] uniform-mean margins: A 4.8-14.9 mHa, B/C 18.4-26.7 mHa  (A [4.80,14.87] BC [18.38,26.74])
[PASS] per-group sample standard deviations (ddof=1) span 3.7-16.3 mHa  ([3.66,16.33])
[PASS] uniform advantage individually significant (TWO-sided MWU p<0.05, per condition) at 7/9; only the two smallest-A dims are not  (sig 7/9, p[0:2]=[0.623,0.140])
[PASS] no global sign test cited (pseudoreplication guard): 'sign test' and '2^-9' absent from the paper; per-condition tests two-sided
[PASS] ibmuniform_stats.npz regenerated: two-sided count 7/9 stored, legacy sign test stored under a legacy key only
[PASS] their fe2s2 uniform B and C files are byte-identical (footnote)  (6cf57c8f)
[PASS] their fe2s2 hardware best (A) ~ +184 mHa above their own DMRG  (+183.91)
[PASS] their fe4s4: hardware DOES beat uniform (~1.06 Ha; 36-orbital space)  (-1058.0 mHa)
[PASS] their fe4s4 hardware best remains ~ +653 mHa above their DMRG  (+653.33)
[PASS] their fe4s4 SQD best at d=1e8 ~ +594.8 mHa vs their DMRG  (+594.81)
[PASS] their fe4s4 classical HCI(best) ~ +445.8 -> SQD@1e8 trails HCI by ~149 mHa on their own numbers  (+149.03)
[PASS] fe2s2 hw: 2,457,600 shots reconstructed (their 300x8192)  (2,457,600)
[PASS] fe2s2 hw: measured in-sector shot fraction ~0.445%  (4.450e-03)
[PASS] ibmship symm1 BEST: +247.5 mHa, S2 ~0.235 (their hw samples, their pipeline, dim 500x500)  (E -116.358076 S2 0.235)
[PASS] ibmship symm0 BEST: +257.1 mHa, S2 ~0.231  (E -116.348532 S2 0.231)
[PASS] their 'samples' file: 58,644,960 entries, ALL unique (=> the deduplicated subspace-defining configuration set, not raw shots)  (tot 58,644,960 uniq 58,644,960)
[PASS] their config set: 100% in-sector (noiseless provenance)  (58,644,960)
[PASS] their config set: the Hartree-Fock string appears EXACTLY ONCE (hf_weight x tot == 1; row 0, as their load_samples.py labels it)  (hf_weight 1.705176e-08 x 58,644,960 = 1.000000)
[PASS] HF string stated as present once, never as absent (md + tex)  (md ok)
[PASS] THEIR optimized ansatz state (their params): exact singlet S2 ~3e-4  (0.000329)
[PASS] raw-draw hypothesis refuted: closed form from their own state predicts ~5.4M distinct at 58.6M draws (file has 58.6M distinct)  (5,401,429)
[PASS] fe4s4 hw: 3,163,742 recorded outcomes, every one unit-count  (3,163,742)
[PASS] fe4s4 hw: measured in-sector fraction 5.354e-04  (5.354e-04)
[PASS] ibm4ship symm1 BEST: spin-PURE TRIPLET S2=2.000 at +1438.0 mHa (their fe4s4 hw data; mitigated manifold permits singlet, solver picks triplet)  (E -325.801643 S2 2.000)
[PASS] ibm4ship symm0 BEST: S2=3.00 at +2148.7 mHa (mitigation off; on fe4s4 the mitigation acts -- purifying into the WRONG state)  (E -325.090909 S2 3.003)
[PASS] lucj2 (their template): 1e6 shots -> 5,338 unique  (5338)
[PASS] lucj2: coupon closed form ~5,344 (4th validation, <1%)  (pred 5,344)
[PASS] lucj2: HF det is top weight ~0.558  (0.5579)
[PASS] lucj2ship symm1 BEST: +228.9 mHa, low-mean S2 ~0.11 (low ⟨S²⟩ but a spin mixture, wrong energy — the noiseless jaw)  (E -116.376680 S2 0.108)
[PASS] lucj2ship symm0 BEST: +236.7 mHa, S2 ~0.12 (mitigation buys a modest 7.7 mHa ONLY on the low-⟨S²⟩ noiseless input; exact no-op on realistic soup input)  (E -116.368941 S2 0.123)
[PASS] lucj run-1 (naive localized-basis ref, appendix note): ansatz S^2 = 0 exact singlet  (-4.22e-13)
[PASS] lucj run-1: 149 unique dets @1e6 (reference-choice observation)  (149)
[PASS] lucjoptship symm1 BEST: essentially the triplet S2=2.008 at +501.8 mHa (their curated set; triplet attractor)  (E -116.103827 S2 2.008)
[PASS] lucjoptship symm1 err vs their DMRG = +501.8 mHa  (+501.78)
[PASS] lucjoptship symm0 BEST: S2=1.089 (near-even singlet-triplet mixture) at +377.8 mHa  (E -116.227841 S2 1.089)
[PASS] lucjoptship: mitigation COSTS energy on this input class: symm1 ends 124 mHa above symm0  (+124.01 mHa)
[PASS] lucjoptship symm1 iteration-1 spin lottery: batch S2 = {0.97, 3.00, 4.00}  (['0.97', '3.00', '4.00'])
[PASS] sqdraw n500 knobs: spb=3N, 10 batches, 5 iterations, max_dim=N (their published construction)  (spb 1500 nb 10 it 5)
[PASS] sqdraw n500 table row: E -116.368271 err +237.3 S2 0.1422  (E -116.368271 err +237.338 S2 0.1422)
[PASS] their eigenstate-A file: 10 published batches at dim 2e+05  (10 rows)
[PASS] their published best-of-10 at dim 2e+05 = +266.3 mHa  (+266.25)
[PASS] ours beats their published at dim 2e+05 by 28.9 mHa  (+28.91)
[PASS] sqdraw n1000 knobs: spb=3N, 10 batches, 5 iterations, max_dim=N (their published construction)  (spb 3000 nb 10 it 5)
[PASS] sqdraw n1000 table row: E -116.390277 err +215.3 S2 0.108  (E -116.390277 err +215.332 S2 0.1080)
[PASS] their eigenstate-A file: 10 published batches at dim 1e+06  (10 rows)
[PASS] their published best-of-10 at dim 1e+06 = +238.8 mHa  (+238.81)
[PASS] ours beats their published at dim 1e+06 by 23.5 mHa  (+23.48)
[PASS] sqdraw n2000 knobs: spb=3N, 10 batches, 5 iterations, max_dim=N (their published construction)  (spb 6000 nb 10 it 5)
[PASS] sqdraw n2000 table row: E -116.43844 err +167.2 S2 0.3565  (E -116.438440 err +167.169 S2 0.3565)
[PASS] their eigenstate-A file: 10 published batches at dim 4e+06  (10 rows)
[PASS] their published best-of-10 at dim 4e+06 = +216.7 mHa  (+216.67)
[PASS] ours beats their published at dim 4e+06 by 49.5 mHa  (+49.50)
[PASS] ladder: our 1e6 run ~ matches their published 4e6 value (<2 mHa)  (+215.3 vs +216.7)
[PASS] ladder: converged S2 NON-monotone, largest dim most contaminated  (['0.142', '0.108', '0.357'])
[PASS] ladder best +167.2 mHa = two orders of magnitude from chemical accuracy (1.6 mHa)  (104x)
[PASS] n2000 it3: batch S2 0.12-0.20 at +189-195 mHa (low-spin band)  (S2 [0.122,0.203] E [+188.7,+194.9])
[PASS] n2000 it4: jumps to higher-spin lower-E basin S2 0.33-0.45 at +177-185 mHa  (S2 [0.326,0.453] E [+176.5,+185.4])
[PASS] n2000 it5 converges in new basin: best +167.2 at S2 0.357  (+167.169 S2 0.3565)
[PASS] n2000 final two iterations buy ~21 mHa (abandoning low-spin band)  (21.52)
[PASS] ladder ablation: seed 43 reproduces 1e6 point to 2.6 mHa, dS2 0.001  (dE 2.56 dS2 0.0012)
[PASS] ladder ablation: symmetrize OFF ~doubles S2 (0.208 vs 0.108) and costs 6.4 mHa  (S2 0.2082 (1.93x) dE +6.40)
[PASS] ladder ablation: independent second-hardware n500 run same regime, D = 6.2 mHa  (dE 6.21 S2 0.1879)
[PASS] flagsolve n300 rung: err +234.8 mHa, their S2 3.8082  (err +234.787 S2 3.8082)
[PASS] flagsolve n500 rung: err +186.8 mHa, their S2 3.7918  (err +186.777 S2 3.7918)
[PASS] flagsolve n600 rung: err +173.2 mHa, their S2 3.8012  (err +173.190 S2 3.8012)
[PASS] flagsolve n1000 rung: err +129.8 mHa, their S2 3.7711  (err +129.785 S2 3.7711)
[PASS] flagsolve n2000 rung: err +80.0 mHa, their S2 3.393  (err +80.002 S2 3.3930)
[PASS] flagship: n=7500, ndets = 56,250,000 = their largest published [2Fe-2S] dim  (n 7500 ndets 56,250,000)
[PASS] flagship table row: E -116.591965, err +13.6 mHa  (E -116.591965 err +13.645)
[PASS] flagship: their S2 = 1.287 (near-even singlet-triplet mixture, parent exact singlet)  (1.2874)
[PASS] flagship: full amplitude matrix archived (7500 x 7500)  ((7500, 7500))
[PASS] their eigenstate-A: single published batch at 5.625e7  (1 rows)
[PASS] their published at 5.625e7 = +183.9 mHa = their best published [2Fe-2S] energy anywhere  (+183.91)
[PASS] flagship converged beats their published at matched dim by 170.3 mHa  (+170.26)
[PASS] flagship wall 63,846 s (17.7 h) at 32 threads  (63,846s NT32)
[PASS] n2000 identity instability: converged runs 22 uHa apart in E  (22.2 uHa)
[PASS] n2000 identity instability: same runs differ 0.13 in S2 (3.393 desktop / 3.518 cloud)  (dS2 0.1252)
[PASS] n2000 cloud run matches PyCI anchor S2 3.5192 to ~1e-3  (3.5182)
[PASS] flagsolve rungs certified vs PyCI anchors: dE range 0.002-0.023 mHa  (max 0.023)
[PASS] scale: BS-arm S2 decay per doubling constant in [0.08, 0.10] over final 3 intervals (paper: 0.085-0.097)  (['-0.085', '-0.097', '-0.094'])
[PASS] scale: deep-aufbau-arm S2 decay per doubling in [0.10, 0.14] (paper: 0.106-0.133)  (['-0.133', '-0.106', '-0.118'])
[PASS] scale: at fastest measured rate, S2<1 needs ~28 doublings, D ~ 3e13, >=5 orders beyond the 2.4e8 sector  (D 3.21e+13 ratio 1.3e+05)
[PASS] scale: S2~0 needs ~35 doublings, D ~ 6e15, >=7 orders beyond sector  (D 5.78e+15 ratio 2.4e+07)
[PASS] successor 2511.00224: extrapolation gap -327.118 vs their DMRG -327.239 = 0.121 Ha, consistent with their 'about 0.12 E_h'  (0.121 Ha)
[PASS] successor fe4s4 DMRG ref (-327.239) matches benchmark dump ref (-327.2396369) to <1 mHa (paper: 'to the milli-Hartree')  (0.64 mHa)
[PASS] successor ordering: raw D=1e10 best above extrapolated above their DMRG (all remain ABOVE the reference)  (-326.912 > -327.118 > -327.239)
[PASS] gram7500 final == ck3 (energies, gram, bitwise)
[PASS] gram7500 e_exact == master E2
[PASS] warm provenance: e_bank == flagsolve_n7500_box2 energy  (-116.591964586624)
[PASS] warm provenance: s2_bank == flagsolve_n7500_box2 S2 (1.287)
[PASS] gate G3: warm <S2> vs banked < 1e-14  (4.0e-15)
[PASS] delivered residual 3.5e-4 (paper: 3.5x10^-4)  (3.459e-04)
[PASS] ladder config: tol (1e-6,1e-7,1e-8), max_cycle (150,150,200), nroots=3, n=7500, NT=64
[PASS] certified ground: -116.591966, err +13.643 mHa  (-116.591966490)
[PASS] root1 gap +0.285 mHa, err +13.927
[PASS] root2 gap +6.52 mHa, err +20.163
[PASS] certified S2 diag (1.371, 2.357, 4.732)
[PASS] invariant S2 spectrum {0.038, 2.357, 6.066}
[PASS] all eigenstate S2 >= 1.37 (none below)
[PASS] residuals (6.0, 8.4, 9.1)e-5, all < 1e-4
[PASS] ladder stability: last-stage dS2(root0) ~ 5e-5, dfloor ~ 6e-4  (5.0e-05 5.5e-04)
[PASS] residual-rotation: dS2 +0.084, dE -1.9 uHa (certified lower)  (dS2 +0.0837 dE -1.90 uHa)
[PASS] floor direction: weights 0.78/0.22 (root1 < 1e-6), |G02| = 2.50
[PASS] floor direction Rayleigh +1.44 mHa above minimum  (+1.442)
[PASS] ground-pair span floor == root0 S2 to 9 digits
[PASS] log gates: G1/G2/G3 PASS, root0<=banked PASS, campaign DONE
[PASS] log: all three roots carry per-root converged flags
[PASS] campaign 11.3 h, peak RSS 41.8 GB  (11.28 h rss 41.8G)

-- section O: review-round-2 hardening (v5.2) --
[PASS] language guard: 'pins the exact' absent from md and tex
[PASS] language guard: 'is an exact singlet' absent from md and tex
[PASS] language guard: "exact singlet's marginals" absent from md and tex
[PASS] language guard: 'of an exact singlet' absent from md and tex
[PASS] language guard: 'fully converged' absent from md and tex
[PASS] language guard: 'nine digits' absent from md and tex
[PASS] language guard: 'infinite-shot' absent from md and tex
[PASS] language guard: 'no one had run' absent from md and tex
[PASS] language guard: 'multi-spin zoo' absent from md and tex
[PASS] language guard: 'convergence-certified' absent from md and tex
[PASS] language guard: 'necessary condition for containing' absent from md and tex
[PASS] language guard: 'not by the subspace' absent from md and tex
[PASS] precision limit: residual/gap ratio ~0.21 re-derived from archive  (0.2123)
[PASS] ratio disclosed in both sources (21% of the 0.285 mHa gap)
[PASS] Davis-Kahan caveat + stability-carries-certification present
[PASS] structural-mechanism equation present in both sources
[PASS] journal abstract <= 300 words  (297 words)
[PASS] front matter (review round 7): Principal findings box present; Appendix B extended summary removed; References section added
[PASS] compressed-block caveat present (not full spin-sector projector weights)
[PASS] ansatz spin identity stated as measured value 3.3e-4 (never 'exact singlet')
[PASS] version matrix ran at earliest public (0.3.0) and current (0.12.1)
[PASS] spin_sq penalty default is unset (None) in BOTH versions
[PASS] spin_sq wires to pyscf fix_spin in both versions' source
[PASS] version agreement v1: same dims (up to alpha/beta order), |dE| < 10 uHa, |dS2| < 1e-3  (dE 0.000 uHa, dS2 0.00e+00, dims 60x60 vs 60x60)
[PASS] version agreement v2: same dims (up to alpha/beta order), |dE| < 10 uHa, |dS2| < 1e-3  (dE 0.000 uHa, dS2 0.00e+00, dims 821x821 vs 821x821)
[PASS] version agreement v3: same dims (up to alpha/beta order), |dE| < 10 uHa, |dS2| < 1e-3  (dE 0.000 uHa, dS2 2.44e-15, dims 399x470 vs 470x399)
[PASS] V1 reproducer core: both versions report the contaminated <S^2> ~3.50 at N=60 through their own diagnostics  (3.5009 / 3.5009)
[PASS] paper states the 0.1.0-not-retrievable finding and the 0.3.0 matrix

-- section P: stage-4 certification (residual push, root 3, S^4) --
[PASS] s4 warm gate: ck0 Rayleigh energies == banked certified roots (<1e-8 Ha)  (max 7.1e-14)
[PASS] s4 warm gate: ck0 S2-Gram == banked certified Gram (<1e-6)
[PASS] s4 ck0 re-derives the disclosed 21% starting ratio  (0.2123)
[PASS] ground gap 0.285 mHa at the final stage  (0.28481)
[PASS] final measured ground residual quotes as 3.2e-6  (3.248e-06)
[PASS] final ratio quotes as 1.1% of the ground gap  (1.140%)
[PASS] tightening factor quotes as 18.6-fold  (18.617)
[PASS] ground <S^2> = 1.3711 at ALL four checkpoints (4th decimal frozen)  (1.37110 1.37112 1.37112 1.37112)
[PASS] four-root <S^2> ladder quotes as 1.371, 2.363, 4.738, 11.590  (1.3711 2.3635 4.7380 11.5901)
[PASS] root-3 energy quotes as +26.19 mHa  (+26.1866)
[PASS] root 3 sits 12.5 mHa above the ground root  (12.5440)
[PASS] Var(S^2) quotes as 6.92, 3.54, 7.41, 4.41  (6.9155 3.5408 7.4080 4.4101)
[PASS] 'every low root carries Var(S^2) >= 3.5' (min over 4 roots)  (min 3.5408)
[PASS] ground-root sector solve quotes as (0.82, -0.07, 0.25), infeasible  (+0.81888 -0.07110 +0.25222)
[PASS] ground-root sector solve identical to 4 decimals across all four checkpoints
[PASS] root 1 is the only feasible root: weights >= 0, quote (0.18, 0.63, 0.18)  (+0.18491 +0.63176 +0.18333)
[PASS] roots 0, 2, 3 all infeasible in {S=0,1,2} (negative weight)
[PASS] three-root invariant spectrum re-derives to {0.037, 2.363, 6.072}, within 0.007 of the certified spectrum  (0.03722 2.36349 6.07191 (max dev 0.00636))
[PASS] roots 0-2 final residuals quote as (3.2, 4.1, 2.6)e-6; root 3 as 3.3e-5  (3.25e-06 4.06e-06 2.58e-06 3.32e-05)
[PASS] stage-4 wall quotes as 14.8 h (log elapsed span)  (14.780 h)
[PASS] stage-4 log: all drift gates PASS, sentinel DONE, no PARTIAL
[PASS] md quotes the stage-4 numbers (1.3711, 18.6-fold, 1.1%, 11.59, Var row, sector row)
[PASS] tex quotes the stage-4 numbers (1.3711, 18.6-fold, 1.1%, 11.59, Var row, sector row)

-- section Q: v5.4 (S^4 on eight states, four-root table, review-round-3 language) --
[PASS] s4states.npz: the eight final pipeline states are present  (8 states)
[PASS] s4states.npz gate: each computed <S^2> matches the shipped spin_square to 1e-6 (all eight arms)  (max |dev| 2.5e-14)
[PASS] [4Fe-4S] hw symm-on is a MEASURED pure triplet: <S^2>=2.000, Var quotes 3e-6, weights (0,1,0)  (<S2> 2.00000 Var 2.92e-06 w (0.0, 1.0, 0.0))
[PASS] [4Fe-4S] hw symm-off is a broad high-spin mixture: Var quotes 9.0, <S^2>=3.00 (the 'from Var=9.0 unmitigated' datum)  (<S2> 3.0034 Var 9.0280)
[PASS] [2Fe-2S] set-draw symm-on: <S^2>=2.008, <S^4> quotes 12.05, Var quotes 8.0, weights (0.67,0.00,0.33), NO triplet weight  (<S2> 2.00768 <S4> 12.0469 Var 8.0161 w (0.6655, -0.0001, 0.3346))
[PASS] [2Fe-2S] set-draw symm-off: <S^2> quotes 1.089, Var quotes 1.5  (<S2> 1.08902 Var 1.5074)
[PASS] scalar-mean fallacy in our own data: set-draw-on and [4Fe-4S]-on both round to <S^2>=2.0, but their Var differ by >6 orders of magnitude  (Var ratio 2.7e+06)
[PASS] the other five [2Fe-2S] arms are low-spin mixtures, Var in [0.6, 1.52]  (1.357 1.152 0.638 0.690 1.507)
[PASS] exactly one of the eight final states is a spin eigenstate (Var < 1e-4) — the [4Fe-4S] triplet, the wrong one  (1 eigenstate(s))
[PASS] four-root <S^4> table row quotes as 8.795, 9.127, 29.857, 138.740  (8.7955 9.1269 29.8567 138.7405)
[PASS] four-root DeltaE-above-ground table row quotes as 0, +0.285, +6.52, +12.54  (0.0000 0.2848 6.5201 12.5440)
[PASS] md carries every v5.4 review-round-3 correction and new-result phrase  (all present)
[PASS] tex carries every v5.4 review-round-3 correction and new-result phrase  (all present)
[PASS] the reviewer's flagged overstatements are gone from BOTH sources (negative gate)  (all absent)

-- section R: v5.4.2 (S^6/S^8 moments + LP sector bounds, review round 6 — measure the objection) --
[PASS] s6moments.npz: eight states, LP run over the FULL physical sector grid (S_max = 5 for [2Fe-2S], 9 for [4Fe-4S])  (8 states, S_max [5, 9])
[PASS] independent S^6 kernel reproduces _s4states.py <S^2> and <S^4> on all eight states to <1e-8 (two-kernel agreement)  (max |d<S2>| 0.0e+00, max |d<S4>| 0.0e+00)
[PASS] eight <S^6> values quote as the cross-instrument table row (8.50/6.95/3.96/4.29/72.30/9.92/8.00/144.73)  (8.50 6.95 3.96 4.29 72.30 9.92 8.00 144.73)
[PASS] set-draw-on: LP triplet weight w1 < 1e-4 AND beyond-S=2 weight = 0 over all sectors — the 2:1 singlet-quintet reading is MEASURED, not assumed  (w1<=[0.00000,0.00003] wge3<=[0.00000,0.00001])
[PASS] review-round-6 objection answered by measurement: the 60%-triplet {0,1,3} alternative predicts <S^6>=120, the state measures 72.30  (alt 120.0 vs measured 72.30)
[PASS] [4Fe-4S]-on pure triplet now RIGOROUS: LP triplet weight w1 = 1.000 (both bounds), consistent with Chebyshev cap Var/4 < 1e-6  (w1 [1.0000,1.0000])
[PASS] [4Fe-4S]-off carries a CERTIFIED >=5% weight in sectors S>=3 (LP lower bound on sum_{S>=3}); triplet w1 ~ 0.45  (wge3>=[0.0502,0.0505] w1 [0.4498,0.4510])
[PASS] the three symmetrize-on [2Fe-2S] arms match their table triplet-weight cells: hw-on and set-draw-on < 1e-4, template-on < 2e-4  (hw 5.7e-05 tmpl 1.1e-04 set 3.1e-05)
[PASS] md carries every S^6/LP measurement phrase  (all present)
[PASS] tex carries every S^6/LP measurement phrase  (all present)

-- section S: v5.4.3 (moment-ladder attribution + high-spin gauge, review round 7) --
[PASS] set-draw-on moment ladder: two-moment triplet ceiling ~0.86 COLLAPSES to 8.4e-5 at <S^6> and 3.0e-5 at <S^8> — the third moment alone closes the <1e-4 bound (reviewer round-7 point #1)  (through S4 0.860, S6 8.44e-05, S8 3.02e-05)
[PASS] set-draw-on full decomposition PINNED: w0 = 0.665 (singlet), w2 = 0.335 (quintet), triplet < 4e-5, combined S>=3 < 2e-5 (round-7 #3)  (w0 [0.6654,0.6654] w1<=3.09e-05 wge3<=1.21e-05)
[PASS] set-draw-on <S^8> measured 434.1 (fourth moment, archived per arm; reviewer round-7 point #2)  (434.13)
[PASS] high-spin gauge G0b present in _s6moments.py: pure S=3/4/5 states via pyscf contract_ss (independent of the S+ kernel), hard-asserted (reviewer round-7 point #4)
[PASS] both sources disclose the high-spin gauge (S=3/4/5 via contract_ss; tex escapes the underscore)
[PASS] md + tex carry the round-7 ladder / decomposition / calibrated phrasing
[PASS] front-matter References list present with the audited identifiers

-- section T: v5.4.3 review-round-8 internal-consistency locks --
[PASS] round-8 #1: the spin–energy vise no longer calls the low-⟨S²⟩/high-variance hardware+template arms 'near-singlet'/'nearly clean' (the scalar-mean fallacy the paper itself indicts); md+tex  (fallacy phrasings absent)
[PASS] round-8 #1b: the vise instead reports those arms as spin mixtures with nonzero variance (low scalar ⟨S²⟩, Var 0.64–1.36); md+tex  (variance-aware framing present)
[PASS] round-8 #2: §2.11 heading and the eight-state table caption read 'numerically certified', not 'rigorous'; md+tex  (certified language consistent)
[PASS] round-8 #3: the intro scopes 'not spin eigenstates' with the single measured triplet exception ([4Fe-4S]-on is a spin eigenstate); md+tex  (eigenstate claim scoped)
[PASS] round-8 #4: the N₂ QSCI-vs-HCI sentence drops 'without overtaking it' (contradicted by the −0.6 mHa crossing it then reports); md+tex  (overtaking contradiction removed)
[PASS] round-8 #5: the spin-clean claim is scoped to the rebuilt optimized-circuit leg; raw hardware + CCSD template named as distinct preparations; md+tex  (state-prep breadth scoped)
[PASS] round-8 #6: the 58.6M-file claim is hedged — 'cannot be a raw multinomial shot record and is consistent with the deduplicated union'; md+tex  (data-semantics hedged)
[PASS] round-8 #7: Table 8's [4Fe-4S]-on reading is softened to 'triplet eigenstate, to tol.' (Var-qualified), not the unqualified 'pure triplet'; md+tex  (table-cell purity qualified)

-- section U: v5.4.3 review-round-10 successor-scoping lock --
[PASS] round-10: Section 3 states the successor inheritance is an argument from shared mechanism, not a measurement, and that the paper does not rest on it; md+tex  (successor-scoping sentence present)

-- section V: v5.4.3 review-round-11 mechanism-hierarchy locks --
[PASS] round-11: 'Every observation' overclaim scoped to spin-identity findings, sampling wall named a distinct mechanism, the three-condition hierarchy (representable/present/returned) present, and Recommendation 1 scopes spin moments as the first-not-complete certificate; md+tex  (hierarchy + certificate locks present)
[PASS] W: archived e_cert/s2_cert equal the stage-4 certified triple  ([-116.59196649 -116.59168168 -116.58544638] [1.37111705 2.36349461 4.73801314])
[PASS] W: nnz_tri equals the quoted exact combinatorial count  (127,975,471,122)
[PASS] W: paper quotes the count with separators in md and tex
[PASS] W: energies within (0.4, 0.6, 0.8)e-9 Ha as quoted, all <= 8e-10  ([3.59989372e-10 5.85373527e-10 7.88304533e-10])
[PASS] W: S2 ladder quoted to 6 decimals matches archive  ([1.37106499 2.36274819 4.7377138 ])
[PASS] W: |dS2| = (5.2e-5, 7.5e-4, 3.0e-4) as quoted and max <= 7.5e-4  ([5.20570690e-05 7.46422415e-04 2.99338155e-04])
[PASS] W: iterations = 38 and max residual quotes 1.25e-5  (iters 38, rn [7.84463559e-06 1.11384858e-05 1.24619883e-05])
[PASS] W: residual fraction of ground gap quotes 4.4%  (4.376%)
[PASS] W: Davis-Kahan numbers as quoted (sin 0.044, E 5.5e-7, S2 1.9e-3)  (sin 0.0438, E 5.45e-07, S2 1.90e-03)
[PASS] W: containment factors ~700x (energy) and 2.5x (spin)  (E 692x, S2 2.55x)
[PASS] W: run log G3 lines carry |d| = (1.42e-14, 1.99e-13, 1.28e-13), 2 s.f. = the quoted (1.4e-14, 2.0e-13, 1.3e-13)  (log |d| ['1.42e-14', '1.99e-13', '1.28e-13'])
[PASS] W: archived rq_warm consistent with certified energies at the 9-decimal rounding scale (ties npz to log)  ([2.83847612e-10 6.12487838e-12 2.69324119e-10])
[PASS] W: run archived as PARTIAL-by-residual (E and S2 gates inside, residual gate outside 1e-7) -- matches the scoped prose
[PASS] W: md+tex carry '1.371065, 2.362748, 4.737714'
[PASS] W: md+tex carry '38 iterations'
[PASS] W: md+tex carry '4.4%'
[PASS] W: md+tex carry the residual and both bounds
[PASS] W: companion tb7500_ck.npz listed in md and tex data availability
[PASS] W: two-builds claim present in md and tex

-- section X: v5.6 penalty-on audit (Section 2.6 — measure the rebuttal) --
[PASS] X: penalty table it4 lam=0.0 (E, err, S2)  (E -116.560107 err 45.502 S2 4.8343)
[PASS] X: penalty table it4 lam=0.1 (E, err, S2)  (E -116.533031 err 72.578 S2 4.1646)
[PASS] X: penalty table it4 lam=0.2 (E, err, S2)  (E -116.494963 err 110.646 S2 3.9021)
[PASS] X: penalty table it4 lam=0.5 (E, err, S2)  (E -116.341427 err 264.182 S2 3.4411)
[PASS] X: it4 singlet endpoint +2895 mHa / S2 0 (paper 2.9 Ha, E -113.711)  (err 2894.7 S2 0.0000 E -113.710890)
[PASS] X: it1 singlet floor +3034 mHa (paper 3.03 Ha)  (err 3034.5)
[PASS] X: lam=0 eigsh vs pyci agree <1 uHa on both spaces  (it4 0.000 uHa)
[PASS] X: penalized true energy rises monotonically in lambda (PSD)  ([45.5, 72.6, 110.6, 264.2, 2882.7, 2888.1, 2892.2, 2894.7])
[PASS] X: all 5 their-kernel penalty arms report converged=False  ([False, False, False, False, False])
[PASS] X: their-kernel penalized RQ sits 0.27-0.33 Ha above certified min  ([0.273, 0.329, 0.269, 0.329, 0.331])
[PASS] X: penalized protocol lam=0.2 best (err, S2)  (err 110.447 S2 3.9337)
[PASS] X: penalized protocol lam=0.1 best (err, S2)  (err 72.550 S2 4.1762)
[PASS] X: seeded, their kernel confirms our penalized minimum (conv=True, overlap 1, dRQ=0)  ([(True, 1.0), (True, 1.0)])
[PASS] X: md carries the v5.6 penalty-on phrases  (all present)
[PASS] X: tex carries the v5.6 penalty-on phrases  (all present)
[PASS] X: the retracted 'could target the singlet directly' phrase is gone
[PASS] X2: squared-run lam=0 anchor reproduces the shipped record  (E -116.560107 S2 4.8343)
[PASS] X2: squared lam=0.2 point (paper: +528 mHa at S2 = 3.010, in-subspace Var 0.009)  (err +527.984 S2 3.0104 Var 0.0092 resid 1.1e-07)
[PASS] X2: 11.6-fold increase over the unpenalized error (paper phrase), re-derived  (ratio 11.60)
[PASS] X2: algebraic physical-variance floor (S2-2)(6-S2) ~ 3.0 (adjacent-eigenvalue bound) exceeds 2.9  (3.0208)
[PASS] X2: md carries the squared-form/provenance phrases  (all present)
[PASS] X2: tex carries the squared-form/provenance phrases  (all present)
[PASS] X2: the retracted penalty-off claims are gone from BOTH sources (negative gate)  (all absent)
[PASS] X2b: literal square P(S^2)^2P at lam=0.2 reaches the singlet floor (paper: S2 = 0.004 at +2,884 mHa)  (S2 0.0042 err +2884.4 var 0.0253 resid 1.1e-08)
[PASS] X2b: the leakage makes the literal square the stronger penalty (its S2 << the projected square's at the same lam)  (true S2 0.0042 vs projsq S2 3.0104)
[PASS] X2b: unpenalized <S^4> ~ 47 (the literal-square penalty sees the full fourth moment, not the in-subspace proxy ~23)  (<S^4> 47.023)
[PASS] X2b: both sources frame the two compressions and the leakage = [PHP, PS^2P] != 0
[PASS] X2b: retracted 'solved exactly that operator' over-claim gone (negative gate)

-- section Y: v5.7 completion-mechanism table (Section 2.6 — the degeneracy mechanism, measured per checkpoint) --
[PASS] Y: 14 checkpoints re-solved; completed reach 310,058 / 319,189 / 80,755  (14 rows, 13 iterative + 1 dense-adjudicated)
[PASS] Y: |dE0| <= 8e-13 Ha at every checkpoint (dense at the flagged row)  (max 7.96e-13)
[PASS] Y: iterative pair splitting <= 1.9e-12 Ha on the 13 resolved rows (tol 1e-9); dense row splits 0  (max 1.88e-12)
[PASS] Y: projector spectra: p1 >= 1-1e-13, p2 <= 0.109 (pair = state + its image)  (max p2 0.1085)
[PASS] Y: localized-member weight on added dets < 1e-14 everywhere  (max 6.66e-15)
[PASS] Y: coupling ||P+ H v|| <= 2.5e-9 Ha everywhere  (max 2.50e-09)
[PASS] Y: S2 blocks = [x,x] at the arm's uncompleted root-0 value (identity to 2e-8; match to 2e-3)  (max |blk-r0| 1.3e-08, max spread 2.0e-08)
[PASS] Y: dense adjudication (fe4s4 1106->2097): asym E0 matches stored record, S2 block [5.2930,5.2930]  (E_asym -326.1843174466)
[PASS] Y: iterative artifact on record: op.solve split 9.31e-2 on the same space (one Ritz value per degenerate pair)  (9.3108e-02)
[PASS] Y: headline row 170,448 -> 319,189: split 1.4e-14, S2 block 4.6688  (split 1.4e-14)
[PASS] Y: headline row 40,435 -> 80,755: split 2.3e-13, S2 block 7.0044  (split 2.3e-13)
[PASS] Y: md carries the v5.7 mechanism phrases  (all present)
[PASS] Y: tex carries the v5.7 mechanism phrases  (all present)

-- section Z: v5.7.1 LP sensitivity stress (Section 2.11 — inflated moment-uncertainty boxes) --
[PASS] Z: stress grid = 8 states x factors {1,10,100,1000}  ((8, 4, 3, 2))
[PASS] Z: factor-1 stress LP reproduces the production s6moments bounds  (max |d| 0.0e+00)
[PASS] Z: set-draw triplet ceiling 3.1e-5 -> 3.7e-5 (10x) -> 1.0e-4 (100x), 5.4e-4 at 1000x  (3.086e-05 3.713e-05 9.986e-05 5.399e-04)
[PASS] Z: set-draw singlet weight confined to [0.6653, 0.6654] at 100x  ([0.665335, 0.665403])
[PASS] Z: [4Fe-4S] mitigated triplet floor > 0.99998 at 100x (wrong-sector purity robust)  (0.999988)
[PASS] Z: md carries the v5.7.1 stress/language phrases  (all present)
[PASS] Z: tex carries the v5.7.1 stress/language phrases  (all present)
[PASS] Z: the dropped rhetoric is gone from both sources (negative gate: 'present or future', 'price-independent')

-- section AA: v5.8 threshold-scan plateau (Sections 2.3/2.4, Methods) + claim table (Table 11) + four-senses terminology note --
[PASS] AA: threshold scan covers 49 stored root vectors (138 roots)  (49 vectors, 138 roots)
[PASS] AA: separation margin — max intra split 1.876e-12 Ha, min inter gap 4.79e-6 Ha, 2.55e6-fold window (the quoted 1.9e-12/4.8uHa/2.6e6)  (intra 1.876e-12, inter 4.792e-06, window 2.5549e+06)
[PASS] AA: margin recomputed from raw per-row gaps matches the stored aggregates (independent of _thrscan bookkeeping)  (intra 1.876e-12, inter 4.792e-06)
[PASS] AA: 0.2/2 uHa + residual-adaptive reproduce the production partition exactly; exactly one 20-uHa reassignment, at the unreported fe2s2 D=5053 checkpoint  (1 differ: fe2s2 D=5053 orig)
[PASS] AA: the two merged D=5053 roots are both mid-mixture (<S2> ~ 2.05, 2.07) — the wandering point, never a reported cluster  ([2.05, 2.073])
[PASS] AA: md carries the v5.8 threshold-scan phrases  (all present)
[PASS] AA: tex carries the v5.8 threshold-scan phrases  (all present)
[PASS] AA: md carries the four-senses terminology note  (all present)
[PASS] AA: tex carries the four-senses terminology note  (all present)
[PASS] AA: md carries the Table 11 claim-alignment verbatim quotes  (all present)
[PASS] AA: tex carries the Table 11 claim-alignment quotes and label  (all present)
[PASS] AA: the banned 'leaves every' overstatement is absent from both sources (v5.8 reword held)
[PASS] stated check-count equals the audit's actual count in md header, md disclosure, and tex disclosure (self-referential gate)  (actual 370; header 370, md ['370'], tex ['370'])

============================================================
370 checks, 0 FAILURES — ALL CLAIMS VERIFIED
