=== STAGE gate600 Tue Jul 14 16:18:40 UTC 2026 ===
[     0.0s rss  0.26G] strings: top-600/7658 per spin (ranked by their exact-state marginals), dim 600x600 = 360,000
Parsing _ibm_data/sqd_data_repository-main/integrals/2Fe-2S/fcidump_Fe2S2_MO.txt
[     0.0s rss  0.26G] THEIR MO integrals loaded (ecore 0.000000)
[     0.0s rss  0.26G] solve_fermion (as shipped, spin_sq unset, kwargs=none) NT=32 ...
[   300.6s rss  0.45G] E -116.432419541  err  +173.190 mHa  THEIR S2 3.8012  [solve 301s]  amps (600, 600) strs 600x600
[   300.6s rss  0.45G] GATE vs pyci anchor n=600: dE 0.010 mHa dS2 0.0042 [PASS]
[   300.6s rss  0.45G] GATE vs exact recon E600: dE 0.08 uHa [PASS]
FLAGSOLVE_DONE
=== PROBE NT=32 Tue Jul 14 16:23:42 UTC 2026 ===
[     0.0s rss  0.26G] strings: top-2000/7658 per spin (ranked by their exact-state marginals), dim 2000x2000 = 4,000,000
Parsing _ibm_data/sqd_data_repository-main/integrals/2Fe-2S/fcidump_Fe2S2_MO.txt
[     0.0s rss  0.26G] THEIR MO integrals loaded (ecore 0.000000)
[     0.0s rss  0.26G] solve_fermion (as shipped, spin_sq unset, kwargs={'max_cycle': 6, 'verbose': 5}) NT=32 ...
davidson 0 1  |r|= 0.242  e= [-116.20581612]  max|de|= -116  lindep=    1
davidson 1 2  |r|= 0.129  e= [-116.28038374]  max|de|= -0.0746  lindep= 0.979
davidson 2 3  |r|= 0.125  e= [-116.30789608]  max|de|= -0.0275  lindep= 0.989
davidson 3 4  |r|= 0.0864  e= [-116.32177606]  max|de|= -0.0139  lindep= 0.999
davidson 4 5  |r|= 0.0807  e= [-116.32869934]  max|de|= -0.00692  lindep= 0.99
davidson 5 6  |r|= 0.0617  e= [-116.33257629]  max|de|= -0.00388  lindep= 0.987
[   205.6s rss  1.01G] E -116.332576287  err  +273.033 mHa  THEIR S2 0.1933  [solve 206s]  amps (2000, 2000) strs 2000x2000
[   205.6s rss  1.01G] GATE vs pyci anchor n=2000: dE 193.033 mHa dS2 3.3259 [FAIL]
FLAGSOLVE_DONE
PROBE_NT32_WALL=207s
=== PROBE NT=48 Tue Jul 14 16:27:09 UTC 2026 ===
[     0.0s rss  0.26G] strings: top-2000/7658 per spin (ranked by their exact-state marginals), dim 2000x2000 = 4,000,000
Parsing _ibm_data/sqd_data_repository-main/integrals/2Fe-2S/fcidump_Fe2S2_MO.txt
[     0.0s rss  0.26G] THEIR MO integrals loaded (ecore 0.000000)
[     0.0s rss  0.26G] solve_fermion (as shipped, spin_sq unset, kwargs={'max_cycle': 6, 'verbose': 5}) NT=48 ...
davidson 0 1  |r|= 0.242  e= [-116.20581612]  max|de|= -116  lindep=    1
davidson 1 2  |r|= 0.129  e= [-116.28038374]  max|de|= -0.0746  lindep= 0.979
davidson 2 3  |r|= 0.125  e= [-116.30789608]  max|de|= -0.0275  lindep= 0.989
davidson 3 4  |r|= 0.0864  e= [-116.32177606]  max|de|= -0.0139  lindep= 0.999
davidson 4 5  |r|= 0.0807  e= [-116.32869934]  max|de|= -0.00692  lindep= 0.99
davidson 5 6  |r|= 0.0617  e= [-116.33257629]  max|de|= -0.00388  lindep= 0.987
[   158.1s rss  1.08G] E -116.332576287  err  +273.033 mHa  THEIR S2 0.1933  [solve 158s]  amps (2000, 2000) strs 2000x2000
[   158.1s rss  1.08G] GATE vs pyci anchor n=2000: dE 193.033 mHa dS2 3.3259 [FAIL]
FLAGSOLVE_DONE
PROBE_NT48_WALL=159s
=== PROBE NT=64 Tue Jul 14 16:29:48 UTC 2026 ===
[     0.0s rss  0.26G] strings: top-2000/7658 per spin (ranked by their exact-state marginals), dim 2000x2000 = 4,000,000
Parsing _ibm_data/sqd_data_repository-main/integrals/2Fe-2S/fcidump_Fe2S2_MO.txt
[     0.0s rss  0.26G] THEIR MO integrals loaded (ecore 0.000000)
[     0.0s rss  0.26G] solve_fermion (as shipped, spin_sq unset, kwargs={'max_cycle': 6, 'verbose': 5}) NT=64 ...
davidson 0 1  |r|= 0.242  e= [-116.20581612]  max|de|= -116  lindep=    1
davidson 1 2  |r|= 0.129  e= [-116.28038374]  max|de|= -0.0746  lindep= 0.979
davidson 2 3  |r|= 0.125  e= [-116.30789608]  max|de|= -0.0275  lindep= 0.989
davidson 3 4  |r|= 0.0864  e= [-116.32177606]  max|de|= -0.0139  lindep= 0.999
davidson 4 5  |r|= 0.0807  e= [-116.32869934]  max|de|= -0.00692  lindep= 0.99
davidson 5 6  |r|= 0.0617  e= [-116.33257629]  max|de|= -0.00388  lindep= 0.987
[   134.9s rss  1.16G] E -116.332576287  err  +273.033 mHa  THEIR S2 0.1933  [solve 135s]  amps (2000, 2000) strs 2000x2000
[   134.9s rss  1.16G] GATE vs pyci anchor n=2000: dE 193.033 mHa dS2 3.3259 [FAIL]
FLAGSOLVE_DONE
PROBE_NT64_WALL=136s
PROBE_BEST_NT=64
=== STAGE gram7500 block NROOTS=3 NT=64 Tue Jul 14 16:32:04 UTC 2026 ===
[     0.0s rss  0.10G] strings: top-7500/7658 per spin, dim 56,250,000
Parsing _ibm_data/sqd_data_repository-main/integrals/2Fe-2S/fcidump_Fe2S2_MO.txt
[     0.0s rss  0.10G] THEIR MO integrals loaded (ecore 0.000000)
[     1.8s rss  0.54G] G1 PASS warm strings bit-identical (flagsolve_n7500_box2.npz, banked E -116.591964587 S2 1.2874)
[     2.6s rss  1.13G] h2e + link_index + hdiag built
[    85.6s rss  3.36G] warm hop: 83s  Rayleigh -116.591964588  resid 3.459e-04
[    85.6s rss  3.36G] G2 vs banked npz energy: dE 0.00 uHa [PASS]
[   331.7s rss 29.17G] G3 warm <S2> 1.2874 vs banked 1.2874 [PASS, 246s]
[   340.2s rss 29.17G] initial block: warm root0 + 2 lowest-hdiag guesses
[   340.2s rss 29.17G] === stage 1/3: kernel_fixed_space nroots=3 tol=1e-06 max_cycle=150 NT=64 ===
davidson 0 3  |r|= 0.327  e= [-116.59196459 -116.2058161  -116.17305596]  max|de|= -117  lindep=    1
root 0 converged  |r|= 0.000248  e= -116.59196460925398  max|de|= -2.04e-08
davidson 1 6  |r|= 0.217  e= [-116.59196461 -116.31698415 -116.2651366 ]  max|de|= -0.111  lindep= 0.999
davidson 2 8  |r|= 0.192  e= [-116.59196461 -116.36700738 -116.31641151]  max|de|= -0.0513  lindep= 0.992
davidson 3 10  |r|= 0.154  e= [-116.59196461 -116.39085996 -116.34169456]  max|de|= -0.0253  lindep= 0.997
davidson 4 12  |r|= 0.15  e= [-116.59196461 -116.40221547 -116.3576288 ]  max|de|= -0.0159  lindep= 0.992
davidson 5 14  |r|= 0.15  e= [-116.59196461 -116.40841256 -116.36863359]  max|de|= -0.011  lindep= 0.986
davidson 6 16  |r|= 0.112  e= [-116.59196461 -116.41421929 -116.37639424]  max|de|= -0.00776  lindep= 0.993
davidson 7 18  |r|= 0.119  e= [-116.59196461 -116.41848701 -116.38262823]  max|de|= -0.00623  lindep= 0.991
davidson 8 3  |r|= 0.119  e= [-116.59196461 -116.41848701 -116.38262823]  max|de|= 6.11e-13  lindep=    1
davidson 9 5  |r|= 0.0765  e= [-116.59196461 -116.42041872 -116.38534023]  max|de|= -0.00271  lindep= 0.981
davidson 10 7  |r|= 0.0839  e= [-116.59196461 -116.4222737  -116.3882911 ]  max|de|= -0.00295  lindep= 0.986
davidson 11 9  |r|= 0.0951  e= [-116.59196461 -116.42426    -116.39112737]  max|de|= -0.00284  lindep= 0.988
davidson 12 11  |r|= 0.0962  e= [-116.59196461 -116.42617139 -116.3938749 ]  max|de|= -0.00275  lindep= 0.983
davidson 13 13  |r|= 0.0927  e= [-116.59196461 -116.42807803 -116.3971252 ]  max|de|= -0.00325  lindep= 0.977
davidson 14 15  |r|= 0.0943  e= [-116.59196461 -116.43049677 -116.40054641]  max|de|= -0.00342  lindep= 0.983
davidson 15 17  |r|= 0.0847  e= [-116.59196461 -116.43265135 -116.40353091]  max|de|= -0.00298  lindep= 0.979
davidson 16 19  |r|= 0.0721  e= [-116.59196461 -116.43414302 -116.40618596]  max|de|= -0.00266  lindep= 0.986
davidson 17 3  |r|= 0.0721  e= [-116.59196461 -116.43414302 -116.40618596]  max|de|= -5.54e-13  lindep= 0.999
davidson 18 5  |r|= 0.0527  e= [-116.59196461 -116.43489236 -116.40733006]  max|de|= -0.00114  lindep= 0.979
davidson 19 7  |r|= 0.0625  e= [-116.59196461 -116.43580891 -116.40870002]  max|de|= -0.00137  lindep= 0.992
davidson 20 9  |r|= 0.0683  e= [-116.59196461 -116.43691614 -116.41019535]  max|de|= -0.0015  lindep= 0.988
davidson 21 11  |r|= 0.0793  e= [-116.59196461 -116.43798839 -116.41221305]  max|de|= -0.00202  lindep= 0.963
davidson 22 13  |r|= 0.0978  e= [-116.59196461 -116.43969123 -116.41466659]  max|de|= -0.00245  lindep= 0.968
davidson 23 15  |r|= 0.112  e= [-116.59196461 -116.44177148 -116.41825559]  max|de|= -0.00359  lindep= 0.98
davidson 24 17  |r|= 0.102  e= [-116.59196461 -116.44388633 -116.42328842]  max|de|= -0.00503  lindep= 0.951
davidson 25 19  |r|= 0.123  e= [-116.59196462 -116.44649955 -116.42716293]  max|de|= -0.00387  lindep= 0.956
davidson 26 3  |r|= 0.123  e= [-116.59196462 -116.44649955 -116.42716293]  max|de|= -7.11e-14  lindep= 0.993
davidson 27 5  |r|= 0.0832  e= [-116.59196462 -116.44857854 -116.42996667]  max|de|= -0.0028  lindep= 0.959
davidson 28 7  |r|= 0.0971  e= [-116.59196462 -116.45037387 -116.43345714]  max|de|= -0.00349  lindep= 0.974
davidson 29 9  |r|= 0.0989  e= [-116.59196462 -116.45266854 -116.43655152]  max|de|= -0.00309  lindep= 0.992
davidson 30 11  |r|=  0.1  e= [-116.59196462 -116.45519764 -116.43970267]  max|de|= -0.00315  lindep= 0.98
davidson 31 13  |r|= 0.107  e= [-116.59196462 -116.45764031 -116.44344243]  max|de|= -0.00374  lindep= 0.985
davidson 32 15  |r|= 0.114  e= [-116.59196463 -116.46081893 -116.44747612]  max|de|= -0.00403  lindep= 0.992
davidson 33 17  |r|= 0.103  e= [-116.59196463 -116.46407993 -116.45188292]  max|de|= -0.00441  lindep= 0.989
davidson 34 19  |r|= 0.132  e= [-116.59196464 -116.46783074 -116.45618205]  max|de|= -0.0043  lindep= 0.984
davidson 35 3  |r|= 0.132  e= [-116.59196464 -116.46783074 -116.45618205]  max|de|= -2.98e-13  lindep=    1
davidson 36 5  |r|= 0.0966  e= [-116.59196464 -116.47132667 -116.45977087]  max|de|= -0.00359  lindep= 0.989
davidson 37 7  |r|= 0.107  e= [-116.59196465 -116.47528617 -116.46345967]  max|de|= -0.00396  lindep= 0.995
davidson 38 9  |r|= 0.132  e= [-116.59196465 -116.48058406 -116.46749689]  max|de|= -0.0053  lindep= 0.99
davidson 39 11  |r|= 0.153  e= [-116.59196466 -116.48640713 -116.47264663]  max|de|= -0.00582  lindep= 0.976
davidson 40 13  |r|= 0.174  e= [-116.59196468 -116.49557463 -116.47822806]  max|de|= -0.00917  lindep= 0.979
davidson 41 15  |r|= 0.171  e= [-116.59196469 -116.50685593 -116.48464135]  max|de|= -0.0113  lindep= 0.988
davidson 42 17  |r|= 0.178  e= [-116.59196471 -116.51761437 -116.49188588]  max|de|= -0.0108  lindep= 0.947
davidson 43 19  |r|= 0.226  e= [-116.59196473 -116.53012666 -116.49857584]  max|de|= -0.0125  lindep= 0.957
davidson 44 3  |r|= 0.226  e= [-116.59196473 -116.53012666 -116.49857584]  max|de|= 2.56e-13  lindep= 0.999
davidson 45 5  |r|= 0.146  e= [-116.59196476 -116.53937072 -116.5039928 ]  max|de|= -0.00924  lindep= 0.966
davidson 46 7  |r|= 0.132  e= [-116.59196478 -116.54585082 -116.50915067]  max|de|= -0.00648  lindep= 0.987
davidson 47 9  |r|= 0.137  e= [-116.59196482 -116.55244379 -116.51356549]  max|de|= -0.00659  lindep= 0.985
davidson 48 11  |r|= 0.133  e= [-116.59196487 -116.55851368 -116.51776576]  max|de|= -0.00607  lindep= 0.964
davidson 49 13  |r|= 0.124  e= [-116.59196492 -116.56339533 -116.52212847]  max|de|= -0.00488  lindep= 0.967
davidson 50 15  |r|= 0.099  e= [-116.591965   -116.56818724 -116.52576839]  max|de|= -0.00479  lindep= 0.988
davidson 51 17  |r|= 0.0851  e= [-116.59196509 -116.57149087 -116.52886381]  max|de|= -0.0033  lindep= 0.989
davidson 52 19  |r|=  0.1  e= [-116.59196518 -116.57394876 -116.53167428]  max|de|= -0.00281  lindep= 0.983
davidson 53 3  |r|=  0.1  e= [-116.59196518 -116.57394876 -116.53167428]  max|de|= 5.68e-14  lindep=    1
davidson 54 5  |r|= 0.0727  e= [-116.59196526 -116.57579197 -116.5339881 ]  max|de|= -0.00231  lindep= 0.989
davidson 55 7  |r|= 0.0763  e= [-116.59196537 -116.57753845 -116.53602546]  max|de|= -0.00204  lindep= 0.995
davidson 56 9  |r|= 0.0725  e= [-116.59196549 -116.57921887 -116.53793272]  max|de|= -0.00191  lindep= 0.991
davidson 57 11  |r|= 0.0712  e= [-116.5919656  -116.58037918 -116.53986164]  max|de|= -0.00193  lindep= 0.976
davidson 58 13  |r|= 0.0701  e= [-116.5919657  -116.58141009 -116.54144158]  max|de|= -0.00158  lindep= 0.98
davidson 59 15  |r|= 0.0655  e= [-116.5919658  -116.58220676 -116.54285987]  max|de|= -0.00142  lindep= 0.986
davidson 60 17  |r|= 0.0564  e= [-116.59196588 -116.58278406 -116.54430985]  max|de|= -0.00145  lindep= 0.939
davidson 61 19  |r|= 0.0767  e= [-116.59196596 -116.58335997 -116.545616  ]  max|de|= -0.00131  lindep= 0.949
davidson 62 3  |r|= 0.0767  e= [-116.59196596 -116.58335997 -116.545616  ]  max|de|= -2.13e-13  lindep=    1
davidson 63 5  |r|= 0.0485  e= [-116.59196603 -116.58376692 -116.54669268]  max|de|= -0.00108  lindep= 0.964
davidson 64 7  |r|= 0.0501  e= [-116.59196607 -116.58402961 -116.54763059]  max|de|= -0.000938  lindep= 0.987
davidson 65 9  |r|= 0.0495  e= [-116.59196612 -116.58426797 -116.54838787]  max|de|= -0.000757  lindep= 0.981
davidson 66 11  |r|= 0.0482  e= [-116.59196616 -116.58446744 -116.54912566]  max|de|= -0.000738  lindep= 0.959
davidson 67 13  |r|= 0.0476  e= [-116.5919662  -116.58462153 -116.54995878]  max|de|= -0.000833  lindep= 0.97
davidson 68 15  |r|= 0.05  e= [-116.59196624 -116.58476975 -116.5507574 ]  max|de|= -0.000799  lindep= 0.99
davidson 69 17  |r|= 0.0491  e= [-116.59196626 -116.58487286 -116.55163086]  max|de|= -0.000873  lindep= 0.985
davidson 70 19  |r|= 0.0681  e= [-116.59196628 -116.58495146 -116.55272264]  max|de|= -0.00109  lindep= 0.983
davidson 71 3  |r|= 0.0681  e= [-116.59196628 -116.58495146 -116.55272264]  max|de|= -1.42e-13  lindep=    1
davidson 72 5  |r|= 0.047  e= [-116.5919663 -116.5850119 -116.553732 ]  max|de|= -0.00101  lindep= 0.991
davidson 73 7  |r|= 0.0475  e= [-116.59196632 -116.58506736 -116.55451491]  max|de|= -0.000783  lindep= 0.996
davidson 74 9  |r|= 0.046  e= [-116.59196633 -116.58511906 -116.55523062]  max|de|= -0.000716  lindep= 0.991
davidson 75 11  |r|= 0.0484  e= [-116.59196634 -116.58515486 -116.55602252]  max|de|= -0.000792  lindep= 0.978
davidson 76 13  |r|= 0.0524  e= [-116.59196635 -116.58518746 -116.55680679]  max|de|= -0.000784  lindep= 0.982
davidson 77 15  |r|= 0.0572  e= [-116.59196636 -116.58521495 -116.55772377]  max|de|= -0.000917  lindep= 0.987
davidson 78 17  |r|= 0.0605  e= [-116.59196637 -116.58523669 -116.5590738 ]  max|de|= -0.00135  lindep= 0.944
davidson 79 19  |r|= 0.103  e= [-116.59196637 -116.58526079 -116.56096567]  max|de|= -0.00189  lindep= 0.95
davidson 80 3  |r|= 0.103  e= [-116.59196637 -116.58526079 -116.56096567]  max|de|= 9.95e-14  lindep= 0.999
davidson 81 5  |r|= 0.0626  e= [-116.59196638 -116.58527907 -116.56285832]  max|de|= -0.00189  lindep= 0.964
davidson 82 7  |r|= 0.062  e= [-116.59196638 -116.58529073 -116.56436268]  max|de|= -0.0015  lindep= 0.988
davidson 83 9  |r|= 0.0593  e= [-116.59196638 -116.58530145 -116.56549332]  max|de|= -0.00113  lindep= 0.981
davidson 84 11  |r|= 0.0575  e= [-116.59196639 -116.5853109  -116.56654838]  max|de|= -0.00106  lindep= 0.961
davidson 85 13  |r|= 0.0569  e= [-116.59196639 -116.58531891 -116.56771329]  max|de|= -0.00116  lindep= 0.971
davidson 86 15  |r|= 0.06  e= [-116.59196639 -116.5853278  -116.56883804]  max|de|= -0.00112  lindep= 0.991
davidson 87 17  |r|= 0.0602  e= [-116.5919664  -116.58533526 -116.57011249]  max|de|= -0.00127  lindep= 0.986
davidson 88 19  |r|= 0.0853  e= [-116.5919664  -116.58534213 -116.57176973]  max|de|= -0.00166  lindep= 0.984
davidson 89 3  |r|= 0.0853  e= [-116.5919664  -116.58534213 -116.57176973]  max|de|= -8.53e-14  lindep= 0.999
davidson 90 5  |r|= 0.0586  e= [-116.5919664  -116.58534788 -116.57334005]  max|de|= -0.00157  lindep= 0.991
davidson 91 7  |r|= 0.0582  e= [-116.5919664  -116.58535294 -116.57453614]  max|de|= -0.0012  lindep= 0.996
davidson 92 9  |r|= 0.0553  e= [-116.59196641 -116.58535771 -116.57559468]  max|de|= -0.00106  lindep= 0.991
davidson 93 11  |r|= 0.0558  e= [-116.59196641 -116.5853613  -116.57669353]  max|de|= -0.0011  lindep= 0.981
davidson 94 13  |r|= 0.0567  e= [-116.59196641 -116.58536504 -116.57768345]  max|de|= -0.00099  lindep= 0.982
davidson 95 15  |r|= 0.0573  e= [-116.59196641 -116.58536883 -116.57869188]  max|de|= -0.00101  lindep= 0.989
davidson 96 17  |r|= 0.0547  e= [-116.59196641 -116.58537256 -116.57992022]  max|de|= -0.00123  lindep= 0.949
davidson 97 19  |r|= 0.0815  e= [-116.59196642 -116.58537782 -116.58125396]  max|de|= -0.00133  lindep= 0.954
davidson 98 3  |r|= 0.0815  e= [-116.59196642 -116.58537782 -116.58125396]  max|de|= 1.14e-13  lindep= 0.999
davidson 99 5  |r|= 0.0498  e= [-116.59196642 -116.58538248 -116.58243271]  max|de|= -0.00118  lindep= 0.967
davidson 100 7  |r|= 0.0485  e= [-116.59196642 -116.58538566 -116.58336929]  max|de|= -0.000937  lindep= 0.99
davidson 101 9  |r|= 0.0458  e= [-116.59196642 -116.58538889 -116.5840601 ]  max|de|= -0.000691  lindep= 0.981
davidson 102 11  |r|= 0.0432  e= [-116.59196642 -116.58539302 -116.58467821]  max|de|= -0.000618  lindep= 0.963
davidson 103 13  |r|= 0.0364  e= [-116.59196642 -116.58541654 -116.58528705]  max|de|= -0.000609  lindep= 0.979
Old state -> New state
    2     ->     1 
    1     ->     2 
davidson 104 15  |r|= 0.0398  e= [-116.59196642 -116.58585797 -116.58538813]  max|de|= -0.000571  lindep= 0.994
davidson 105 17  |r|= 0.0371  e= [-116.59196643 -116.58638109 -116.58539347]  max|de|= -0.000523  lindep= 0.988
davidson 106 19  |r|= 0.0477  e= [-116.59196643 -116.58694489 -116.58539697]  max|de|= -0.000564  lindep= 0.986
davidson 107 3  |r|= 0.0477  e= [-116.59196643 -116.58694489 -116.58539697]  max|de|= 1.56e-13  lindep=    1
davidson 108 5  |r|= 0.0332  e= [-116.59196643 -116.58743712 -116.58539969]  max|de|= -0.000492  lindep= 0.992
davidson 109 7  |r|= 0.0328  e= [-116.59196643 -116.58781831 -116.58540191]  max|de|= -0.000381  lindep= 0.997
davidson 110 9  |r|= 0.0308  e= [-116.59196643 -116.58815361 -116.58540394]  max|de|= -0.000335  lindep= 0.992
davidson 111 11  |r|= 0.0303  e= [-116.59196643 -116.58848748 -116.5854055 ]  max|de|= -0.000334  lindep= 0.982
davidson 112 13  |r|= 0.0297  e= [-116.59196643 -116.58876849 -116.58540703]  max|de|= -0.000281  lindep= 0.983
davidson 113 15  |r|= 0.0286  e= [-116.59196643 -116.58903275 -116.5854086 ]  max|de|= -0.000264  lindep= 0.991
davidson 114 17  |r|= 0.0261  e= [-116.59196643 -116.58932381 -116.58541017]  max|de|= -0.000291  lindep= 0.954
davidson 115 19  |r|= 0.0368  e= [-116.59196644 -116.58960591 -116.58541245]  max|de|= -0.000282  lindep= 0.957
davidson 116 3  |r|= 0.0368  e= [-116.59196644 -116.58960591 -116.58541245]  max|de|= -1.14e-13  lindep=    1
davidson 117 5  |r|= 0.0227  e= [-116.59196644 -116.58984543 -116.58541451]  max|de|= -0.00024  lindep= 0.97
davidson 118 7  |r|= 0.022  e= [-116.59196644 -116.59003801 -116.58541582]  max|de|= -0.000193  lindep= 0.989
davidson 119 9  |r|= 0.0207  e= [-116.59196644 -116.59018044 -116.585417  ]  max|de|= -0.000142  lindep= 0.982
davidson 120 11  |r|= 0.0194  e= [-116.59196644 -116.59030635 -116.58541808]  max|de|= -0.000126  lindep= 0.965
davidson 121 13  |r|= 0.018  e= [-116.59196644 -116.59043113 -116.58541908]  max|de|= -0.000125  lindep= 0.975
davidson 122 15  |r|= 0.0174  e= [-116.59196644 -116.59053482 -116.58542028]  max|de|= -0.000104  lindep= 0.993
davidson 123 17  |r|= 0.0158  e= [-116.59196644 -116.59063177 -116.58542144]  max|de|= -9.69e-05  lindep= 0.989
davidson 124 19  |r|= 0.02  e= [-116.59196644 -116.59073138 -116.58542265]  max|de|= -9.96e-05  lindep= 0.987
davidson 125 3  |r|= 0.02  e= [-116.59196644 -116.59073138 -116.58542265]  max|de|= -1.42e-14  lindep=    1
davidson 126 5  |r|= 0.014  e= [-116.59196644 -116.59081749 -116.58542376]  max|de|= -8.61e-05  lindep= 0.993
davidson 127 7  |r|= 0.0139  e= [-116.59196644 -116.59088504 -116.58542476]  max|de|= -6.75e-05  lindep= 0.997
davidson 128 9  |r|= 0.013  e= [-116.59196644 -116.59094499 -116.58542569]  max|de|= -6e-05  lindep= 0.993
davidson 129 11  |r|= 0.0128  e= [-116.59196644 -116.59100425 -116.58542641]  max|de|= -5.93e-05  lindep= 0.983
davidson 130 13  |r|= 0.0125  e= [-116.59196644 -116.59105369 -116.58542715]  max|de|= -4.94e-05  lindep= 0.983
davidson 131 15  |r|= 0.012  e= [-116.59196644 -116.59110005 -116.5854279 ]  max|de|= -4.64e-05  lindep= 0.993
davidson 132 17  |r|= 0.0109  e= [-116.59196644 -116.59115054 -116.58542866]  max|de|= -5.05e-05  lindep= 0.958
davidson 133 19  |r|= 0.0154  e= [-116.59196644 -116.59119912 -116.58542973]  max|de|= -4.86e-05  lindep= 0.96
davidson 134 3  |r|= 0.0154  e= [-116.59196644 -116.59119912 -116.58542973]  max|de|= 1.85e-13  lindep=    1
davidson 135 5  |r|= 0.00956  e= [-116.59196645 -116.59124066 -116.58543071]  max|de|= -4.15e-05  lindep= 0.973
davidson 136 7  |r|= 0.00926  e= [-116.59196645 -116.59127444 -116.58543135]  max|de|= -3.38e-05  lindep= 0.99
davidson 137 9  |r|= 0.00879  e= [-116.59196645 -116.59129976 -116.58543193]  max|de|= -2.53e-05  lindep= 0.983
davidson 138 11  |r|= 0.00828  e= [-116.59196645 -116.59132225 -116.58543246]  max|de|= -2.25e-05  lindep= 0.967
davidson 139 13  |r|= 0.00771  e= [-116.59196645 -116.59134482 -116.58543295]  max|de|= -2.26e-05  lindep= 0.976
davidson 140 15  |r|= 0.00751  e= [-116.59196645 -116.59136399 -116.58543354]  max|de|= -1.92e-05  lindep= 0.994
davidson 141 17  |r|= 0.00695  e= [-116.59196645 -116.59138221 -116.58543411]  max|de|= -1.82e-05  lindep= 0.99
davidson 142 19  |r|= 0.00892  e= [-116.59196645 -116.5914014  -116.58543469]  max|de|= -1.92e-05  lindep= 0.988
davidson 143 3  |r|= 0.00892  e= [-116.59196645 -116.5914014  -116.58543469]  max|de|= -1.56e-13  lindep=    1
davidson 144 5  |r|= 0.00626  e= [-116.59196645 -116.59141828 -116.58543522]  max|de|= -1.69e-05  lindep= 0.994
davidson 145 7  |r|= 0.00618  e= [-116.59196645 -116.59143157 -116.58543571]  max|de|= -1.33e-05  lindep= 0.997
davidson 146 9  |r|= 0.00584  e= [-116.59196645 -116.59144353 -116.58543617]  max|de|= -1.2e-05  lindep= 0.993
davidson 147 11  |r|= 0.00581  e= [-116.59196645 -116.59145549 -116.58543653]  max|de|= -1.2e-05  lindep= 0.983
davidson 148 13  |r|= 0.00576  e= [-116.59196645 -116.59146572 -116.5854369 ]  max|de|= -1.02e-05  lindep= 0.984
davidson 149 15  |r|= 0.00561  e= [-116.59196645 -116.59147569 -116.58543727]  max|de|= -9.98e-06  lindep= 0.994
[ 27887.8s rss 29.44G] stage 1 solved in 27,547s
[ 28137.6s rss 29.44G] residual hops: 250s
[ 28137.6s rss 29.44G]   root 0: Ritz -116.591966448  Rayleigh -116.591966448  |r| 1.533e-04  err   +13.643 mHa
[ 28137.6s rss 29.44G]   root 1: Ritz -116.591475694  Rayleigh -116.591475694  |r| 5.608e-03  err   +14.133 mHa  gap-to-prev +0.491 mHa
[ 28137.6s rss 29.44G]   root 2: Ritz -116.585437270  Rayleigh -116.585437270  |r| 1.052e-03  err   +20.172 mHa  gap-to-prev +6.038 mHa
[ 28137.6s rss 29.44G] GATE root0 <= banked: drift -1.86 uHa [PASS]
[ 28388.9s rss 41.80G] Gram done in 251s
[ 28388.9s rss 41.80G]   per-root <S2> diag: ['1.3706', '2.0716', '4.7031']
[ 28388.9s rss 41.80G]   Gram eigenvalues:   ['0.0418', '2.0716', '6.0318']
[ 28388.9s rss 41.80G]   min Gram eigenvalue (any-rotation floor): 0.0418
[ 28389.5s rss 41.80G] saved gram7500_ck1.npz + restart
[ 28389.5s rss 41.80G] === stage 2/3: kernel_fixed_space nroots=3 tol=1e-07 max_cycle=150 NT=64 ===
davidson 0 3  |r|= 0.00561  e= [-116.59196645 -116.59147569 -116.58543727]  max|de|= -117  lindep=    1
root 0 converged  |r|= 0.000182  e= -116.5919664588988  max|de|= -1.09e-08
davidson 1 6  |r|= 0.00406  e= [-116.59196646 -116.591481   -116.58543746]  max|de|= -5.3e-06  lindep= 0.986
davidson 2 8  |r|= 0.00474  e= [-116.59196646 -116.59148628 -116.58543767]  max|de|= -5.28e-06  lindep= 0.994
davidson 3 10  |r|= 0.00597  e= [-116.59196646 -116.59149833 -116.58543816]  max|de|= -1.21e-05  lindep= 0.998
davidson 4 12  |r|= 0.00486  e= [-116.59196646 -116.59150739 -116.58543851]  max|de|= -9.06e-06  lindep= 0.984
davidson 5 14  |r|= 0.00378  e= [-116.59196646 -116.59151333 -116.58543877]  max|de|= -5.93e-06  lindep= 0.973
davidson 6 16  |r|= 0.00561  e= [-116.59196646 -116.59152024 -116.58543914]  max|de|= -6.92e-06  lindep= 0.993
davidson 7 18  |r|= 0.01  e= [-116.59196646 -116.59157725 -116.58544148]  max|de|= -5.7e-05  lindep= 0.971
davidson 8 3  |r|= 0.01  e= [-116.59196646 -116.59157725 -116.58544148]  max|de|= -5.68e-14  lindep=    1
davidson 9 5  |r|= 0.00482  e= [-116.59196646 -116.59159168 -116.58544243]  max|de|= -1.44e-05  lindep= 0.958
davidson 10 7  |r|= 0.00306  e= [-116.59196646 -116.59160023 -116.58544309]  max|de|= -8.56e-06  lindep= 0.994
davidson 11 9  |r|= 0.00224  e= [-116.59196646 -116.59160243 -116.58544324]  max|de|= -2.2e-06  lindep= 0.965
davidson 12 11  |r|= 0.0027  e= [-116.59196646 -116.59160418 -116.58544335]  max|de|= -1.75e-06  lindep= 0.989
davidson 13 13  |r|= 0.00303  e= [-116.59196646 -116.59160681 -116.5854435 ]  max|de|= -2.64e-06  lindep= 0.987
davidson 14 15  |r|= 0.00287  e= [-116.59196646 -116.59160987 -116.58544364]  max|de|= -3.06e-06  lindep= 0.983
davidson 15 17  |r|= 0.00248  e= [-116.59196646 -116.59161177 -116.58544371]  max|de|= -1.9e-06  lindep= 0.99
davidson 16 19  |r|= 0.00304  e= [-116.59196646 -116.59161371 -116.58544378]  max|de|= -1.93e-06  lindep= 0.99
davidson 17 3  |r|= 0.00304  e= [-116.59196646 -116.59161371 -116.58544378]  max|de|= 1.42e-13  lindep=    1
davidson 18 5  |r|= 0.00231  e= [-116.59196646 -116.59161541 -116.58544384]  max|de|= -1.7e-06  lindep= 0.995
davidson 19 7  |r|= 0.00267  e= [-116.59196646 -116.59161702 -116.58544391]  max|de|= -1.62e-06  lindep= 0.995
davidson 20 9  |r|= 0.00279  e= [-116.59196646 -116.59161967 -116.58544402]  max|de|= -2.65e-06  lindep= 0.989
davidson 21 11  |r|= 0.00242  e= [-116.59196646 -116.59162186 -116.58544414]  max|de|= -2.19e-06  lindep= 0.99
davidson 22 13  |r|= 0.00194  e= [-116.59196646 -116.5916232  -116.58544422]  max|de|= -1.34e-06  lindep= 0.989
davidson 23 15  |r|= 0.00249  e= [-116.59196646 -116.59162473 -116.58544431]  max|de|= -1.53e-06  lindep= 0.981
davidson 24 17  |r|= 0.00354  e= [-116.59196646 -116.59162955 -116.5854446 ]  max|de|= -4.82e-06  lindep= 0.986
davidson 25 19  |r|= 0.00602  e= [-116.59196646 -116.59163627 -116.58544495]  max|de|= -6.72e-06  lindep= 0.961
davidson 26 3  |r|= 0.00602  e= [-116.59196646 -116.59163627 -116.58544495]  max|de|= -5.68e-14  lindep=    1
davidson 27 5  |r|= 0.00307  e= [-116.59196646 -116.59164163 -116.58544521]  max|de|= -5.36e-06  lindep= 0.971
davidson 28 7  |r|= 0.00205  e= [-116.59196646 -116.59164496 -116.58544538]  max|de|= -3.33e-06  lindep= 0.998
davidson 29 9  |r|= 0.00159  e= [-116.59196646 -116.59164602 -116.58544543]  max|de|= -1.06e-06  lindep= 0.974
davidson 30 11  |r|= 0.00191  e= [-116.59196646 -116.5916469  -116.58544546]  max|de|= -8.77e-07  lindep= 0.984
davidson 31 13  |r|= 0.00208  e= [-116.59196646 -116.59164825 -116.58544551]  max|de|= -1.35e-06  lindep= 0.992
root 2 converged  |r|= 0.000316  e= -116.58544555224074  max|de|= -4.61e-08
davidson 32 15  |r|= 0.00179  e= [-116.59196646 -116.59164956 -116.58544555]  max|de|= -1.31e-06  lindep= 0.999
davidson 33 16  |r|= 0.00155  e= [-116.59196646 -116.5916503  -116.58544555]  max|de|= -7.4e-07  lindep= 0.992
davidson 34 17  |r|= 0.00187  e= [-116.59196646 -116.59165104 -116.58544555]  max|de|= -7.4e-07  lindep= 0.994
davidson 35 18  |r|= 0.0045  e= [-116.59196646 -116.59165532 -116.58544555]  max|de|= -4.29e-06  lindep= 0.996
davidson 36 3  |r|= 0.0045  e= [-116.59196646 -116.59165532 -116.58544555]  max|de|= -9.95e-14  lindep=    1
davidson 37 4  |r|= 0.00217  e= [-116.59196646 -116.59165793 -116.58544555]  max|de|= -2.61e-06  lindep= 0.994
davidson 38 5  |r|= 0.00168  e= [-116.59196646 -116.59165895 -116.58544556]  max|de|= -1.02e-06  lindep= 0.997
davidson 39 6  |r|= 0.00148  e= [-116.59196646 -116.5916597  -116.58544556]  max|de|= -7.51e-07  lindep= 0.998
davidson 40 7  |r|= 0.00137  e= [-116.59196646 -116.59166028 -116.58544556]  max|de|= -5.74e-07  lindep= 0.994
davidson 41 8  |r|= 0.00147  e= [-116.59196646 -116.59166096 -116.58544556]  max|de|= -6.79e-07  lindep= 0.995
davidson 42 9  |r|= 0.00143  e= [-116.59196646 -116.59166179 -116.58544556]  max|de|= -8.35e-07  lindep= 0.992
davidson 43 10  |r|= 0.00146  e= [-116.59196646 -116.59166254 -116.58544556]  max|de|= -7.48e-07  lindep= 0.998
davidson 44 11  |r|= 0.0012  e= [-116.59196646 -116.59166302 -116.58544556]  max|de|= -4.8e-07  lindep= 0.988
davidson 45 12  |r|= 0.00302  e= [-116.59196646 -116.59166422 -116.58544556]  max|de|= -1.2e-06  lindep= 0.997
davidson 46 13  |r|= 0.00399  e= [-116.59196646 -116.59166843 -116.58544556]  max|de|= -4.21e-06  lindep= 0.993
davidson 47 14  |r|= 0.00324  e= [-116.59196646 -116.59167385 -116.58544556]  max|de|= -5.41e-06  lindep= 0.989
davidson 48 15  |r|= 0.00265  e= [-116.59196646 -116.59167767 -116.58544556]  max|de|= -3.82e-06  lindep= 0.99
davidson 49 16  |r|= 0.00183  e= [-116.59196646 -116.59167946 -116.58544556]  max|de|= -1.79e-06  lindep= 0.998
davidson 50 17  |r|= 0.00127  e= [-116.59196646 -116.59168031 -116.58544556]  max|de|= -8.44e-07  lindep= 0.993
davidson 51 18  |r|= 0.00107  e= [-116.59196646 -116.59168081 -116.58544556]  max|de|= -5.05e-07  lindep= 0.991
davidson 52 3  |r|= 0.00107  e= [-116.59196646 -116.59168081 -116.58544556]  max|de|= 9.95e-14  lindep=    1
davidson 53 4  |r|= 0.000834  e= [-116.59196646 -116.59168107 -116.58544556]  max|de|= -2.56e-07  lindep= 0.998
davidson 54 5  |r|= 0.000695  e= [-116.59196646 -116.59168129 -116.58544556]  max|de|= -2.25e-07  lindep= 0.999
davidson 55 6  |r|= 0.000624  e= [-116.59196646 -116.59168145 -116.58544556]  max|de|= -1.59e-07  lindep= 0.997
davidson 56 7  |r|= 0.000391  e= [-116.59196646 -116.59168157 -116.58544556]  max|de|= -1.18e-07  lindep= 0.99
root 1 converged  |r|= 0.00031  e= -116.59168161539911  max|de|= -4.83e-08
converged 57 8  |r|= 0.00031  e= [-116.59196646 -116.59168162 -116.58544556]  max|de|= -4.83e-08
[ 37126.2s rss 41.80G] stage 2 solved in 8,736s
[ 37378.3s rss 41.80G] residual hops: 252s
[ 37378.3s rss 41.80G]   root 0: Ritz -116.591966463  Rayleigh -116.591966463  |r| 1.402e-04  err   +13.643 mHa
[ 37378.3s rss 41.80G]   root 1: Ritz -116.591681615  Rayleigh -116.591681615  |r| 3.095e-04  err   +13.927 mHa  gap-to-prev +0.285 mHa
[ 37378.3s rss 41.80G]   root 2: Ritz -116.585445564  Rayleigh -116.585445564  |r| 2.058e-04  err   +20.164 mHa  gap-to-prev +6.236 mHa
[ 37629.4s rss 41.80G] Gram done in 251s
[ 37629.4s rss 41.80G]   per-root <S2> diag: ['1.3710', '2.3570', '4.7256']
[ 37629.4s rss 41.80G]   Gram eigenvalues:   ['0.0381', '2.3570', '6.0585']
[ 37629.4s rss 41.80G]   min Gram eigenvalue (any-rotation floor): 0.0381
[ 37639.3s rss 41.80G] saved gram7500_ck2.npz + restart
[ 37639.3s rss 41.80G] === stage 3/3: kernel_fixed_space nroots=3 tol=1e-08 max_cycle=200 NT=64 ===
davidson 0 3  |r|= 0.00031  e= [-116.59196646 -116.59168162 -116.58544556]  max|de|= -117  lindep=    1
davidson 1 6  |r|= 0.000215  e= [-116.59196647 -116.59168163 -116.58544557]  max|de|= -1.38e-08  lindep= 0.978
davidson 2 9  |r|= 0.000324  e= [-116.59196648 -116.59168164 -116.5854456 ]  max|de|= -2.89e-08  lindep= 0.996
davidson 3 12  |r|= 0.000375  e= [-116.59196649 -116.59168164 -116.58544566]  max|de|= -5.62e-08  lindep= 0.995
root 0 converged  |r|= 6.26e-05  e= -116.59196649017852  max|de|= -3.08e-09
root 1 converged  |r|= 8.63e-05  e= -116.59168164253357  max|de|= -2.79e-09
davidson 4 15  |r|= 0.000334  e= [-116.59196649 -116.59168164 -116.58544571]  max|de|= -5.07e-08  lindep= 0.999
davidson 5 16  |r|= 0.000387  e= [-116.59196649 -116.59168164 -116.58544575]  max|de|= -4.57e-08  lindep= 0.996
davidson 6 17  |r|= 0.0006  e= [-116.59196649 -116.59168164 -116.58544584]  max|de|= -8.56e-08  lindep= 0.996
davidson 7 18  |r|= 0.00056  e= [-116.59196649 -116.59168164 -116.58544601]  max|de|= -1.65e-07  lindep= 0.99
davidson 8 3  |r|= 0.00056  e= [-116.59196649 -116.59168164 -116.58544601]  max|de|= -9.95e-14  lindep=    1
davidson 9 4  |r|= 0.000483  e= [-116.59196649 -116.59168164 -116.5854461 ]  max|de|= -9.32e-08  lindep= 0.992
davidson 10 5  |r|= 0.000274  e= [-116.59196649 -116.59168164 -116.58544615]  max|de|= -4.87e-08  lindep= 0.999
davidson 11 6  |r|= 0.000208  e= [-116.59196649 -116.59168164 -116.58544617]  max|de|= -1.83e-08  lindep= 0.997
davidson 12 7  |r|= 0.000219  e= [-116.59196649 -116.59168164 -116.58544618]  max|de|= -1.28e-08  lindep= 0.998
davidson 13 8  |r|= 0.000206  e= [-116.59196649 -116.59168164 -116.58544619]  max|de|= -1.28e-08  lindep= 0.995
davidson 14 9  |r|= 0.000143  e= [-116.59196649 -116.59168164 -116.5854462 ]  max|de|= -1.04e-08  lindep= 0.996
root 2 converged  |r|= 9.15e-05  e= -116.58544620643107  max|de|= -4.68e-09
converged 15 10  |r|= 9.15e-05  e= [-116.59196649 -116.59168164 -116.58544621]  max|de|= -4.68e-09
[ 40078.4s rss 41.80G] stage 3 solved in 2,439s
[ 40330.9s rss 41.80G] residual hops: 252s
[ 40330.9s rss 41.80G]   root 0: Ritz -116.591966490  Rayleigh -116.591966490  |r| 6.048e-05  err   +13.643 mHa
[ 40330.9s rss 41.80G]   root 1: Ritz -116.591681643  Rayleigh -116.591681643  |r| 8.411e-05  err   +13.927 mHa  gap-to-prev +0.285 mHa
[ 40330.9s rss 41.80G]   root 2: Ritz -116.585446206  Rayleigh -116.585446206  |r| 9.148e-05  err   +20.163 mHa  gap-to-prev +6.235 mHa
[ 40581.9s rss 41.80G] Gram done in 251s
[ 40581.9s rss 41.80G]   per-root <S2> diag: ['1.3711', '2.3571', '4.7321']
[ 40581.9s rss 41.80G]   Gram eigenvalues:   ['0.0376', '2.3571', '6.0656']
[ 40581.9s rss 41.80G]   min Gram eigenvalue (any-rotation floor): 0.0376
[ 40591.9s rss 41.80G] saved gram7500_ck3.npz + restart
[ 40591.9s rss 41.80G] saved gram7500.npz (= ck3)
GRAM7500_DONE
GRAM7500_CAMPAIGN_DONE
