=== STAGE gram7500s4 NT=64 Wed Jul 15 05:13:16 UTC 2026 ===
[     0.1s rss  0.12G] G0 H4 moment gauge: eig |Var|max 1.8e-15, mix mean 0.600000 Var 0.840000 [PASS]
[     0.1s rss  0.12G] strings: top-7500/7658 per spin, dim 56,250,000
Parsing _ibm_data/sqd_data_repository-main/integrals/2Fe-2S/fcidump_Fe2S2_MO.txt
[     0.1s rss  0.12G] THEIR MO integrals loaded (ecore 0.000000)
[     0.9s rss  1.44G] warm block loaded: 3 certified roots, banked E [-116.59196649 -116.59168164 -116.58544621]
[     1.7s rss  2.02G] h2e + link_index + hdiag built
[    86.7s rss  5.13G] G2 Rayleigh(warm root0) -116.591966490 vs certified -116.591966490: dE 0.00 uHa, |r| 6.048e-05 [PASS, 85s]
[    86.7s rss  5.13G] === s4ck0: S^2/S^4 moments of the certified 3-root block ===
[   344.0s rss  5.13G] residual hops: 257s
[   344.0s rss  5.13G]   root 0: Rayleigh -116.591966490  |r| 6.048e-05  err   +13.643 mHa
[   344.0s rss  5.13G]   root 1: Rayleigh -116.591681643  |r| 8.411e-05  err   +13.927 mHa  gap-to-prev +0.285 mHa
[   344.0s rss  5.13G]   root 2: Rayleigh -116.585446206  |r| 9.148e-05  err   +20.163 mHa  gap-to-prev +6.235 mHa
[   836.4s rss 33.91G] moments done in 492s
[   836.4s rss 33.91G]   per-root <S2> diag:  ['1.3711', '2.3571', '4.7321']
[   836.4s rss 33.91G]   Gram eigenvalues:    ['0.0376', '2.3571', '6.0656']
[   836.4s rss 33.91G]   per-root Var(S2):    ['6.9152', '3.4812', '7.3081']
[   836.4s rss 33.91G]   root 0 sector solve (S=0,1,2): w=(+0.8189, -0.0711, +0.2522)  [beyond-S=2 support]
[   836.4s rss 33.91G]   root 1 sector solve (S=0,1,2): w=(+0.1817, +0.6382, +0.1801)
[   836.4s rss 33.91G]   root 2 sector solve (S=0,1,2): w=(+0.3203, -0.1635, +0.8432)  [beyond-S=2 support]
[   836.4s rss 33.91G] saved gram7500_s4ck0.npz
[   836.4s rss 33.91G] G3 warm S2-Gram vs certified gram: max|dG| 3.55e-15 [PASS]
[   844.4s rss 33.91G] === stage 1/3: kernel_fixed_space nroots=3 tol=1e-10 max_cycle=120 NT=64 ===
davidson 0 3  |r|= 9.15e-05  e= [-116.59196649 -116.59168164 -116.58544621]  max|de|= -117  lindep=    1
davidson 1 6  |r|= 0.000106  e= [-116.59196649 -116.59168164 -116.58544621]  max|de|= -2.17e-09  lindep= 0.972
davidson 2 9  |r|= 0.000145  e= [-116.59196649 -116.59168165 -116.58544621]  max|de|= -6.08e-09  lindep= 0.996
davidson 3 12  |r|= 0.000178  e= [-116.59196649 -116.59168165 -116.58544622]  max|de|= -7.66e-09  lindep= 0.985
davidson 4 15  |r|= 0.000194  e= [-116.59196649 -116.59168165 -116.58544623]  max|de|= -9.91e-09  lindep= 0.979
davidson 5 18  |r|= 0.000204  e= [-116.59196649 -116.59168165 -116.58544624]  max|de|= -1.25e-08  lindep= 0.993
davidson 6 3  |r|= 0.000204  e= [-116.59196649 -116.59168165 -116.58544624]  max|de|= 1.28e-13  lindep=    1
davidson 7 6  |r|= 0.000151  e= [-116.59196649 -116.59168165 -116.58544625]  max|de|= -7.16e-09  lindep= 0.994
davidson 8 9  |r|= 0.00014  e= [-116.59196649 -116.59168165 -116.58544626]  max|de|= -6.29e-09  lindep= 0.995
davidson 9 12  |r|= 0.000155  e= [-116.59196649 -116.59168165 -116.58544626]  max|de|= -6.3e-09  lindep= 0.992
davidson 10 15  |r|= 0.000114  e= [-116.59196649 -116.59168165 -116.58544627]  max|de|= -6.74e-09  lindep= 0.994
davidson 11 18  |r|= 8.15e-05  e= [-116.59196649 -116.59168166 -116.58544627]  max|de|= -2.5e-09  lindep= 0.98
davidson 12 3  |r|= 8.15e-05  e= [-116.59196649 -116.59168166 -116.58544627]  max|de|= 5.68e-14  lindep=    1
davidson 13 6  |r|= 8.67e-05  e= [-116.59196649 -116.59168166 -116.58544628]  max|de|= -1.66e-09  lindep= 0.988
root 0 converged  |r|= 9.62e-06  e= -116.59196649355086  max|de|= -3.39e-11
davidson 14 9  |r|= 9.37e-05  e= [-116.59196649 -116.59168166 -116.58544628]  max|de|= -2.99e-09  lindep= 0.996
davidson 15 11  |r|= 0.000103  e= [-116.59196649 -116.59168166 -116.58544628]  max|de|= -2.69e-09  lindep= 0.993
davidson 16 13  |r|= 0.000143  e= [-116.59196649 -116.59168166 -116.58544629]  max|de|= -4.69e-09  lindep= 0.989
davidson 17 15  |r|= 0.000182  e= [-116.59196649 -116.59168166 -116.58544629]  max|de|= -6.93e-09  lindep= 0.992
davidson 18 17  |r|= 0.000202  e= [-116.59196649 -116.59168166 -116.58544632]  max|de|= -2.33e-08  lindep= 0.996
davidson 19 19  |r|= 0.000175  e= [-116.59196649 -116.59168166 -116.58544633]  max|de|= -1.11e-08  lindep= 0.988
davidson 20 3  |r|= 0.000175  e= [-116.59196649 -116.59168166 -116.58544633]  max|de|= -3.13e-13  lindep=    1
davidson 21 5  |r|= 0.000158  e= [-116.59196649 -116.59168166 -116.58544633]  max|de|= -7.12e-09  lindep= 0.992
davidson 22 7  |r|= 0.000131  e= [-116.59196649 -116.59168166 -116.58544634]  max|de|= -9.76e-09  lindep= 0.997
davidson 23 9  |r|= 9.88e-05  e= [-116.59196649 -116.59168167 -116.58544635]  max|de|= -3.8e-09  lindep= 0.994
davidson 24 11  |r|= 7.95e-05  e= [-116.59196649 -116.59168167 -116.58544635]  max|de|= -2.86e-09  lindep= 0.993
davidson 25 13  |r|= 6.15e-05  e= [-116.59196649 -116.59168167 -116.58544635]  max|de|= -1.33e-09  lindep= 0.99
davidson 26 15  |r|= 4.68e-05  e= [-116.59196649 -116.59168167 -116.58544635]  max|de|= -9e-10  lindep= 0.995
davidson 27 17  |r|= 4.19e-05  e= [-116.59196649 -116.59168167 -116.58544635]  max|de|= -5.56e-10  lindep= 0.994
davidson 28 19  |r|= 7.91e-05  e= [-116.59196649 -116.59168167 -116.58544635]  max|de|= -1.44e-09  lindep= 0.996
davidson 29 3  |r|= 7.91e-05  e= [-116.59196649 -116.59168167 -116.58544635]  max|de|= 1.14e-13  lindep=    1
davidson 30 5  |r|= 3.85e-05  e= [-116.59196649 -116.59168167 -116.58544636]  max|de|= -9e-10  lindep= 0.997
davidson 31 7  |r|= 4.42e-05  e= [-116.59196649 -116.59168167 -116.58544636]  max|de|= -4.82e-10  lindep= 0.995
davidson 32 9  |r|= 5.14e-05  e= [-116.59196649 -116.59168167 -116.58544636]  max|de|= -8.17e-10  lindep= 0.996
davidson 33 11  |r|= 5.34e-05  e= [-116.59196649 -116.59168167 -116.58544636]  max|de|= -7.48e-10  lindep= 0.99
davidson 34 13  |r|= 7.33e-05  e= [-116.59196649 -116.59168167 -116.58544636]  max|de|= -1.17e-09  lindep= 0.995
davidson 35 15  |r|= 7.71e-05  e= [-116.59196649 -116.59168167 -116.58544636]  max|de|= -1.75e-09  lindep= 0.992
davidson 36 17  |r|= 9.28e-05  e= [-116.59196649 -116.59168167 -116.58544636]  max|de|= -2.92e-09  lindep= 0.984
davidson 37 19  |r|= 8.4e-05  e= [-116.59196649 -116.59168167 -116.58544637]  max|de|= -2.59e-09  lindep= 0.985
davidson 38 3  |r|= 8.4e-05  e= [-116.59196649 -116.59168167 -116.58544637]  max|de|= 5.68e-14  lindep=    1
davidson 39 5  |r|= 7.27e-05  e= [-116.59196649 -116.59168167 -116.58544637]  max|de|= -1.61e-09  lindep= 0.993
davidson 40 7  |r|= 5.98e-05  e= [-116.59196649 -116.59168167 -116.58544637]  max|de|= -1.65e-09  lindep= 0.997
davidson 41 9  |r|= 5.44e-05  e= [-116.59196649 -116.59168167 -116.58544637]  max|de|= -1.09e-09  lindep= 0.998
davidson 42 11  |r|= 3.69e-05  e= [-116.59196649 -116.59168167 -116.58544637]  max|de|= -6.62e-10  lindep= 0.993
davidson 43 13  |r|= 3.67e-05  e= [-116.59196649 -116.59168168 -116.58544637]  max|de|= -3.3e-10  lindep= 0.993
davidson 44 15  |r|= 3.14e-05  e= [-116.59196649 -116.59168168 -116.58544637]  max|de|= -4.02e-10  lindep= 0.998
davidson 45 17  |r|= 2.9e-05  e= [-116.59196649 -116.59168168 -116.58544637]  max|de|= -2.51e-10  lindep= 0.996
davidson 46 19  |r|= 4.52e-05  e= [-116.59196649 -116.59168168 -116.58544637]  max|de|= -4.27e-10  lindep= 0.996
davidson 47 3  |r|= 4.52e-05  e= [-116.59196649 -116.59168168 -116.58544637]  max|de|= 2.98e-13  lindep=    1
davidson 48 5  |r|= 2.78e-05  e= [-116.59196649 -116.59168168 -116.58544637]  max|de|= -3.8e-10  lindep= 0.998
davidson 49 7  |r|= 2.79e-05  e= [-116.59196649 -116.59168168 -116.58544637]  max|de|= -2.15e-10  lindep= 0.996
davidson 50 9  |r|= 3.24e-05  e= [-116.59196649 -116.59168168 -116.58544637]  max|de|= -3.3e-10  lindep= 0.997
davidson 51 11  |r|= 3.22e-05  e= [-116.59196649 -116.59168168 -116.58544637]  max|de|= -2.59e-10  lindep= 0.995
davidson 52 13  |r|= 4.28e-05  e= [-116.59196649 -116.59168168 -116.58544637]  max|de|= -4.17e-10  lindep= 0.994
davidson 53 15  |r|= 4.35e-05  e= [-116.59196649 -116.59168168 -116.58544637]  max|de|= -6.1e-10  lindep= 0.995
davidson 54 17  |r|= 4.48e-05  e= [-116.59196649 -116.59168168 -116.58544637]  max|de|= -7.3e-10  lindep= 0.992
davidson 55 19  |r|= 4.66e-05  e= [-116.59196649 -116.59168168 -116.58544638]  max|de|= -6.23e-10  lindep= 0.995
davidson 56 3  |r|= 4.66e-05  e= [-116.59196649 -116.59168168 -116.58544638]  max|de|= -1.85e-13  lindep=    1
davidson 57 5  |r|= 3.86e-05  e= [-116.59196649 -116.59168168 -116.58544638]  max|de|= -4.74e-10  lindep= 0.996
davidson 58 7  |r|= 3.45e-05  e= [-116.59196649 -116.59168168 -116.58544638]  max|de|= -4.95e-10  lindep= 0.996
davidson 59 9  |r|= 2.95e-05  e= [-116.59196649 -116.59168168 -116.58544638]  max|de|= -3.37e-10  lindep= 0.998
davidson 60 11  |r|= 2.63e-05  e= [-116.59196649 -116.59168168 -116.58544638]  max|de|= -2.12e-10  lindep= 0.996
davidson 61 13  |r|= 2.77e-05  e= [-116.59196649 -116.59168168 -116.58544638]  max|de|= -1.92e-10  lindep= 0.994
davidson 62 15  |r|= 2.3e-05  e= [-116.59196649 -116.59168168 -116.58544638]  max|de|= -2.27e-10  lindep= 0.997
davidson 63 17  |r|= 2.19e-05  e= [-116.59196649 -116.59168168 -116.58544638]  max|de|= -1.4e-10  lindep= 0.997
davidson 64 19  |r|= 3.4e-05  e= [-116.59196649 -116.59168168 -116.58544638]  max|de|= -2.27e-10  lindep= 0.996
davidson 65 3  |r|= 3.4e-05  e= [-116.59196649 -116.59168168 -116.58544638]  max|de|= 9.95e-14  lindep=    1
davidson 66 5  |r|= 2.09e-05  e= [-116.59196649 -116.59168168 -116.58544638]  max|de|= -2.11e-10  lindep= 0.999
davidson 67 7  |r|= 2.12e-05  e= [-116.59196649 -116.59168168 -116.58544638]  max|de|= -1.23e-10  lindep= 0.997
davidson 68 9  |r|= 2.45e-05  e= [-116.59196649 -116.59168168 -116.58544638]  max|de|= -1.87e-10  lindep= 0.997
davidson 69 11  |r|= 2.29e-05  e= [-116.59196649 -116.59168168 -116.58544638]  max|de|= -1.48e-10  lindep= 0.995
davidson 70 13  |r|= 2.36e-05  e= [-116.59196649 -116.59168168 -116.58544638]  max|de|= -1.54e-10  lindep= 0.995
davidson 71 15  |r|= 2.53e-05  e= [-116.59196649 -116.59168168 -116.58544638]  max|de|= -1.94e-10  lindep= 0.994
davidson 72 17  |r|= 2.47e-05  e= [-116.59196649 -116.59168168 -116.58544638]  max|de|= -2.36e-10  lindep= 0.99
davidson 73 19  |r|= 2.69e-05  e= [-116.59196649 -116.59168168 -116.58544638]  max|de|= -1.88e-10  lindep= 0.994
davidson 74 3  |r|= 2.69e-05  e= [-116.59196649 -116.59168168 -116.58544638]  max|de|= 1.71e-13  lindep=    1
davidson 75 5  |r|= 2.17e-05  e= [-116.59196649 -116.59168168 -116.58544638]  max|de|= -1.52e-10  lindep= 0.996
davidson 76 7  |r|= 1.99e-05  e= [-116.59196649 -116.59168168 -116.58544638]  max|de|= -1.61e-10  lindep= 0.997
davidson 77 9  |r|= 1.93e-05  e= [-116.59196649 -116.59168168 -116.58544638]  max|de|= -1.28e-10  lindep= 0.998
davidson 78 11  |r|= 2e-05  e= [-116.59196649 -116.59168168 -116.58544638]  max|de|= -1.21e-10  lindep= 0.997
davidson 79 13  |r|= 2.08e-05  e= [-116.59196649 -116.59168168 -116.58544638]  max|de|= -1.1e-10  lindep= 0.995
root 2 converged  |r|= 9.29e-06  e= -116.58544637885458  max|de|= -3.08e-11
davidson 80 15  |r|= 1.75e-05  e= [-116.59196649 -116.59168168 -116.58544638]  max|de|= -1.29e-10  lindep= 0.998
davidson 81 16  |r|= 1.64e-05  e= [-116.59196649 -116.59168168 -116.58544638]  max|de|= -7.98e-11  lindep= 0.998
davidson 82 17  |r|= 2.58e-05  e= [-116.59196649 -116.59168168 -116.58544638]  max|de|= -1.26e-10  lindep= 0.997
davidson 83 18  |r|= 4.78e-05  e= [-116.59196649 -116.59168168 -116.58544638]  max|de|= -1.91e-09  lindep= 0.996
davidson 84 3  |r|= 4.78e-05  e= [-116.59196649 -116.59168168 -116.58544638]  max|de|= 2.56e-13  lindep=    1
root 2 converged  |r|= 6.92e-06  e= -116.58544637889715  max|de|= -1.94e-11
davidson 85 5  |r|= 2.32e-05  e= [-116.59196649 -116.59168168 -116.58544638]  max|de|= -3.37e-10  lindep= 0.999
davidson 86 6  |r|= 1.51e-05  e= [-116.59196649 -116.59168168 -116.58544638]  max|de|= -1.33e-10  lindep= 0.999
davidson 87 7  |r|= 1.44e-05  e= [-116.59196649 -116.59168168 -116.58544638]  max|de|= -7.48e-11  lindep= 0.999
davidson 88 8  |r|= 1.17e-05  e= [-116.59196649 -116.59168168 -116.58544638]  max|de|= -6.05e-11  lindep= 0.999
root 1 converged  |r|= 9.28e-06  e= -116.5916816847143  max|de|= -3.15e-11
converged 89 9  |r|= 9.28e-06  e= [-116.59196649 -116.59168168 -116.58544638]  max|de|= -3.15e-11
[ 18013.7s rss 33.91G] stage 1 solved in 17,169s  Ritz [-116.59196649 -116.59168168 -116.58544638]
[ 18013.7s rss 33.91G] GATE root0 vs certified: drift -0.00 uHa [PASS]
[ 18262.2s rss 33.91G] residual hops: 248s
[ 18262.2s rss 33.91G]   root 0: Rayleigh -116.591966494  |r| 7.267e-06  err   +13.643 mHa
[ 18262.2s rss 33.91G]   root 1: Rayleigh -116.591681685  |r| 9.281e-06  err   +13.927 mHa  gap-to-prev +0.285 mHa
[ 18262.2s rss 33.91G]   root 2: Rayleigh -116.585446379  |r| 6.013e-06  err   +20.163 mHa  gap-to-prev +6.235 mHa
[ 18754.6s rss 37.00G] moments done in 492s
[ 18754.6s rss 37.00G]   per-root <S2> diag:  ['1.3711', '2.3630', '4.7376']
[ 18754.6s rss 37.00G]   Gram eigenvalues:    ['0.0372', '2.3630', '6.0715']
[ 18754.6s rss 37.00G]   per-root Var(S2):    ['6.9156', '3.5358', '7.4008']
[ 18754.6s rss 37.00G]   root 0 sector solve (S=0,1,2): w=(+0.8189, -0.0711, +0.2522)  [beyond-S=2 support]
[ 18754.6s rss 37.00G]   root 1 sector solve (S=0,1,2): w=(+0.1846, +0.6323, +0.1831)
[ 18754.6s rss 37.00G]   root 2 sector solve (S=0,1,2): w=(+0.3287, -0.1775, +0.8488)  [beyond-S=2 support]
[ 18754.6s rss 37.00G] saved gram7500_s4ck1.npz
[ 18755.2s rss 37.00G] restart saved
[ 18755.7s rss 37.00G] block grown to 4 (lowest-hdiag guess, orthogonalized)
[ 18755.7s rss 37.00G] === stage 2/3: kernel_fixed_space nroots=4 tol=1e-08 max_cycle=150 NT=64 ===
davidson 0 4  |r|= 0.327  e= [-116.59196649 -116.59168168 -116.58544638 -116.20581608]  max|de|= -117  lindep=    1
root 0 converged  |r|= 6.34e-06  e= -116.591966493593  max|de|= -1.2e-11
root 1 converged  |r|= 6.55e-06  e= -116.59168168472577  max|de|= -1.17e-11
root 2 converged  |r|= 6.02e-06  e= -116.58544637890797  max|de|= -6.17e-12
davidson 1 8  |r|= 0.221  e= [-116.59196649 -116.59168168 -116.58544638 -116.31718513]  max|de|= -0.111  lindep= 0.998
davidson 2 9  |r|= 0.196  e= [-116.59196649 -116.59168168 -116.58544638 -116.36768953]  max|de|= -0.0505  lindep= 0.991
davidson 3 10  |r|= 0.166  e= [-116.59196649 -116.59168168 -116.58544638 -116.3908214 ]  max|de|= -0.0231  lindep= 0.997
davidson 4 11  |r|= 0.171  e= [-116.59196649 -116.59168168 -116.58544638 -116.39964836]  max|de|= -0.00883  lindep= 0.98
davidson 5 12  |r|= 0.143  e= [-116.59196649 -116.59168168 -116.58544638 -116.40772512]  max|de|= -0.00808  lindep= 0.99
davidson 6 13  |r|= 0.122  e= [-116.59196649 -116.59168168 -116.58544638 -116.41383585]  max|de|= -0.00611  lindep= 0.989
davidson 7 14  |r|= 0.0979  e= [-116.59196649 -116.59168168 -116.58544638 -116.41858764]  max|de|= -0.00475  lindep= 0.991
davidson 8 15  |r|= 0.109  e= [-116.59196649 -116.59168168 -116.58544638 -116.42279824]  max|de|= -0.00421  lindep= 0.991
davidson 9 16  |r|= 0.0876  e= [-116.59196649 -116.59168168 -116.58544638 -116.42673224]  max|de|= -0.00393  lindep= 0.996
davidson 10 17  |r|= 0.0921  e= [-116.59196649 -116.59168168 -116.58544638 -116.42996918]  max|de|= -0.00324  lindep= 0.995
davidson 11 18  |r|= 0.103  e= [-116.59196649 -116.59168168 -116.58544638 -116.43367569]  max|de|= -0.00371  lindep= 0.995
davidson 12 19  |r|= 0.131  e= [-116.59196649 -116.59168168 -116.58544638 -116.43818721]  max|de|= -0.00451  lindep= 0.995
davidson 13 20  |r|= 0.167  e= [-116.59196649 -116.59168168 -116.58544638 -116.44655406]  max|de|= -0.00837  lindep= 0.992
davidson 14 21  |r|= 0.245  e= [-116.59196649 -116.59168168 -116.58544638 -116.46293761]  max|de|= -0.0164  lindep= 0.994
davidson 15 4  |r|= 0.245  e= [-116.59196649 -116.59168168 -116.58544638 -116.46293761]  max|de|= -1.28e-13  lindep=    1
davidson 16 5  |r|= 0.151  e= [-116.59196649 -116.59168168 -116.58544638 -116.47217059]  max|de|= -0.00923  lindep= 0.991
davidson 17 6  |r|= 0.157  e= [-116.59196649 -116.59168168 -116.58544638 -116.48109457]  max|de|= -0.00892  lindep= 0.989
davidson 18 7  |r|= 0.176  e= [-116.59196649 -116.59168168 -116.58544638 -116.49003897]  max|de|= -0.00894  lindep= 0.993
davidson 19 8  |r|= 0.202  e= [-116.59196649 -116.59168168 -116.58544638 -116.50160799]  max|de|= -0.0116  lindep= 0.988
davidson 20 9  |r|= 0.212  e= [-116.59196649 -116.59168168 -116.58544638 -116.51355203]  max|de|= -0.0119  lindep= 0.986
davidson 21 10  |r|= 0.201  e= [-116.59196649 -116.59168168 -116.58544638 -116.52716478]  max|de|= -0.0136  lindep= 0.99
davidson 22 11  |r|= 0.176  e= [-116.59196649 -116.59168168 -116.58544638 -116.54150929]  max|de|= -0.0143  lindep= 0.994
davidson 23 12  |r|= 0.13  e= [-116.59196649 -116.59168168 -116.58544638 -116.5493853 ]  max|de|= -0.00788  lindep= 0.992
davidson 24 13  |r|= 0.109  e= [-116.59196649 -116.59168168 -116.58544638 -116.55526564]  max|de|= -0.00588  lindep= 0.993
davidson 25 14  |r|= 0.0985  e= [-116.59196649 -116.59168168 -116.58544638 -116.55870164]  max|de|= -0.00344  lindep= 0.992
davidson 26 15  |r|= 0.0769  e= [-116.59196649 -116.59168168 -116.58544638 -116.56084664]  max|de|= -0.00215  lindep= 0.993
davidson 27 16  |r|= 0.0683  e= [-116.59196649 -116.59168168 -116.58544638 -116.56242526]  max|de|= -0.00158  lindep= 0.992
davidson 28 17  |r|= 0.0588  e= [-116.59196649 -116.59168168 -116.58544638 -116.56394068]  max|de|= -0.00152  lindep= 0.991
davidson 29 18  |r|= 0.0553  e= [-116.59196649 -116.59168168 -116.58544638 -116.56524645]  max|de|= -0.00131  lindep= 0.99
davidson 30 19  |r|= 0.0452  e= [-116.59196649 -116.59168168 -116.58544638 -116.56627899]  max|de|= -0.00103  lindep= 0.994
davidson 31 20  |r|= 0.0432  e= [-116.59196649 -116.59168168 -116.58544638 -116.56707235]  max|de|= -0.000793  lindep= 0.989
davidson 32 21  |r|= 0.0359  e= [-116.59196649 -116.59168168 -116.58544638 -116.5676774 ]  max|de|= -0.000605  lindep= 0.976
davidson 33 4  |r|= 0.0359  e= [-116.59196649 -116.59168168 -116.58544638 -116.5676774 ]  max|de|= -8.53e-14  lindep=    1
davidson 34 5  |r|= 0.0266  e= [-116.59196649 -116.59168168 -116.58544638 -116.56795624]  max|de|= -0.000279  lindep= 0.964
davidson 35 6  |r|= 0.0251  e= [-116.59196649 -116.59168168 -116.58544638 -116.56824368]  max|de|= -0.000287  lindep= 0.987
davidson 36 7  |r|= 0.0244  e= [-116.59196649 -116.59168168 -116.58544638 -116.56848565]  max|de|= -0.000242  lindep= 0.991
davidson 37 8  |r|= 0.0198  e= [-116.59196649 -116.59168168 -116.58544638 -116.56867636]  max|de|= -0.000191  lindep= 0.956
davidson 38 9  |r|= 0.0212  e= [-116.59196649 -116.59168168 -116.58544638 -116.56884526]  max|de|= -0.000169  lindep= 0.944
davidson 39 10  |r|= 0.0205  e= [-116.59196649 -116.59168168 -116.58544638 -116.56899275]  max|de|= -0.000147  lindep= 0.977
davidson 40 11  |r|= 0.0204  e= [-116.59196649 -116.59168168 -116.58544638 -116.56911905]  max|de|= -0.000126  lindep= 0.991
davidson 41 12  |r|= 0.019  e= [-116.59196649 -116.59168168 -116.58544638 -116.56923273]  max|de|= -0.000114  lindep= 0.977
davidson 42 13  |r|= 0.0179  e= [-116.59196649 -116.59168168 -116.58544638 -116.56935429]  max|de|= -0.000122  lindep= 0.979
davidson 43 14  |r|= 0.0169  e= [-116.59196649 -116.59168168 -116.58544638 -116.56945383]  max|de|= -9.95e-05  lindep= 0.993
davidson 44 15  |r|= 0.0146  e= [-116.59196649 -116.59168168 -116.58544638 -116.56954777]  max|de|= -9.39e-05  lindep= 0.989
davidson 45 16  |r|= 0.0124  e= [-116.59196649 -116.59168168 -116.58544638 -116.5696149 ]  max|de|= -6.71e-05  lindep= 0.987
davidson 46 17  |r|= 0.0109  e= [-116.59196649 -116.59168168 -116.58544638 -116.56965827]  max|de|= -4.34e-05  lindep= 0.992
davidson 47 18  |r|= 0.00898  e= [-116.59196649 -116.59168168 -116.58544638 -116.56968691]  max|de|= -2.86e-05  lindep= 0.992
davidson 48 19  |r|= 0.00776  e= [-116.59196649 -116.59168168 -116.58544638 -116.56970646]  max|de|= -1.96e-05  lindep= 0.991
davidson 49 20  |r|= 0.00648  e= [-116.59196649 -116.59168168 -116.58544638 -116.56972488]  max|de|= -1.84e-05  lindep= 0.99
davidson 50 21  |r|= 0.00713  e= [-116.59196649 -116.59168168 -116.58544638 -116.56973877]  max|de|= -1.39e-05  lindep= 0.993
davidson 51 4  |r|= 0.00713  e= [-116.59196649 -116.59168168 -116.58544638 -116.56973877]  max|de|= 4.26e-14  lindep=    1
davidson 52 5  |r|= 0.005  e= [-116.59196649 -116.59168168 -116.58544638 -116.56974794]  max|de|= -9.17e-06  lindep= 0.996
davidson 53 6  |r|= 0.00548  e= [-116.59196649 -116.59168168 -116.58544638 -116.56975797]  max|de|= -1e-05  lindep= 0.998
davidson 54 7  |r|= 0.00558  e= [-116.59196649 -116.59168168 -116.58544638 -116.56976671]  max|de|= -8.75e-06  lindep= 0.999
davidson 55 8  |r|= 0.00576  e= [-116.59196649 -116.59168168 -116.58544638 -116.56977619]  max|de|= -9.48e-06  lindep= 0.993
davidson 56 9  |r|= 0.00584  e= [-116.59196649 -116.59168168 -116.58544638 -116.56978621]  max|de|= -1e-05  lindep= 0.993
davidson 57 10  |r|= 0.00588  e= [-116.59196649 -116.59168168 -116.58544638 -116.56979811]  max|de|= -1.19e-05  lindep= 0.997
davidson 58 11  |r|= 0.00542  e= [-116.59196649 -116.59168168 -116.58544638 -116.56981002]  max|de|= -1.19e-05  lindep= 0.996
davidson 59 12  |r|= 0.0049  e= [-116.59196649 -116.59168168 -116.58544638 -116.56981891]  max|de|= -8.89e-06  lindep= 0.991
davidson 60 13  |r|= 0.00484  e= [-116.59196649 -116.59168168 -116.58544638 -116.56982754]  max|de|= -8.63e-06  lindep= 0.993
davidson 61 14  |r|= 0.0048  e= [-116.59196649 -116.59168168 -116.58544638 -116.56983454]  max|de|= -7e-06  lindep= 0.995
davidson 62 15  |r|= 0.00432  e= [-116.59196649 -116.59168168 -116.58544638 -116.56984035]  max|de|= -5.8e-06  lindep= 0.993
davidson 63 16  |r|= 0.00416  e= [-116.59196649 -116.59168168 -116.58544638 -116.56984627]  max|de|= -5.92e-06  lindep= 0.989
davidson 64 17  |r|= 0.00367  e= [-116.59196649 -116.59168168 -116.58544638 -116.56985189]  max|de|= -5.62e-06  lindep= 0.985
davidson 65 18  |r|= 0.00362  e= [-116.59196649 -116.59168168 -116.58544638 -116.56985698]  max|de|= -5.09e-06  lindep= 0.993
davidson 66 19  |r|= 0.00339  e= [-116.59196649 -116.59168168 -116.58544638 -116.56986172]  max|de|= -4.74e-06  lindep= 0.992
davidson 67 20  |r|= 0.00323  e= [-116.59196649 -116.59168168 -116.58544638 -116.56986589]  max|de|= -4.17e-06  lindep= 0.982
davidson 68 21  |r|= 0.00349  e= [-116.59196649 -116.59168168 -116.58544638 -116.5698694 ]  max|de|= -3.51e-06  lindep= 0.971
davidson 69 4  |r|= 0.00349  e= [-116.59196649 -116.59168168 -116.58544638 -116.5698694 ]  max|de|= -1.14e-13  lindep=    1
davidson 70 5  |r|= 0.00255  e= [-116.59196649 -116.59168168 -116.58544638 -116.56987193]  max|de|= -2.53e-06  lindep= 0.974
davidson 71 6  |r|= 0.00246  e= [-116.59196649 -116.59168168 -116.58544638 -116.56987436]  max|de|= -2.43e-06  lindep= 0.99
davidson 72 7  |r|= 0.0024  e= [-116.59196649 -116.59168168 -116.58544638 -116.5698766 ]  max|de|= -2.23e-06  lindep= 0.991
davidson 73 8  |r|= 0.0022  e= [-116.59196649 -116.59168168 -116.58544638 -116.56987862]  max|de|= -2.02e-06  lindep= 0.967
davidson 74 9  |r|= 0.00247  e= [-116.59196649 -116.59168168 -116.58544638 -116.56988069]  max|de|= -2.07e-06  lindep= 0.954
davidson 75 10  |r|= 0.00265  e= [-116.59196649 -116.59168168 -116.58544638 -116.56988294]  max|de|= -2.25e-06  lindep= 0.981
davidson 76 11  |r|= 0.00292  e= [-116.59196649 -116.59168168 -116.58544638 -116.56988515]  max|de|= -2.22e-06  lindep= 0.994
davidson 77 12  |r|= 0.00303  e= [-116.59196649 -116.59168168 -116.58544638 -116.5698878 ]  max|de|= -2.64e-06  lindep= 0.98
davidson 78 13  |r|= 0.0032  e= [-116.59196649 -116.59168168 -116.58544638 -116.56989118]  max|de|= -3.38e-06  lindep= 0.981
davidson 79 14  |r|= 0.00353  e= [-116.59196649 -116.59168168 -116.58544638 -116.56989504]  max|de|= -3.86e-06  lindep= 0.996
davidson 80 15  |r|= 0.00383  e= [-116.59196649 -116.59168168 -116.58544638 -116.56989998]  max|de|= -4.93e-06  lindep= 0.991
davidson 81 16  |r|= 0.00407  e= [-116.59196649 -116.59168168 -116.58544638 -116.56990551]  max|de|= -5.53e-06  lindep= 0.99
davidson 82 17  |r|= 0.00466  e= [-116.59196649 -116.59168168 -116.58544638 -116.56991124]  max|de|= -5.73e-06  lindep= 0.993
davidson 83 18  |r|= 0.00505  e= [-116.59196649 -116.59168168 -116.58544638 -116.56991799]  max|de|= -6.75e-06  lindep= 0.991
davidson 84 19  |r|= 0.00614  e= [-116.59196649 -116.59168168 -116.58544638 -116.56992688]  max|de|= -8.89e-06  lindep= 0.992
davidson 85 20  |r|= 0.00777  e= [-116.59196649 -116.59168168 -116.58544638 -116.56994363]  max|de|= -1.67e-05  lindep= 0.991
davidson 86 21  |r|= 0.0148  e= [-116.59196649 -116.59168168 -116.58544638 -116.56997605]  max|de|= -3.24e-05  lindep= 0.993
davidson 87 4  |r|= 0.0148  e= [-116.59196649 -116.59168168 -116.58544638 -116.56997605]  max|de|= -8.53e-14  lindep=    1
davidson 88 5  |r|= 0.00945  e= [-116.59196649 -116.59168168 -116.58544638 -116.57001288]  max|de|= -3.68e-05  lindep= 0.996
davidson 89 6  |r|= 0.00912  e= [-116.59196649 -116.59168168 -116.58544638 -116.5700433 ]  max|de|= -3.04e-05  lindep= 0.998
davidson 90 7  |r|= 0.00838  e= [-116.59196649 -116.59168168 -116.58544638 -116.57006531]  max|de|= -2.2e-05  lindep= 0.999
davidson 91 8  |r|= 0.00816  e= [-116.59196649 -116.59168168 -116.58544638 -116.57008481]  max|de|= -1.95e-05  lindep= 0.994
davidson 92 9  |r|= 0.0079  e= [-116.59196649 -116.59168168 -116.58544638 -116.57010404]  max|de|= -1.92e-05  lindep= 0.994
davidson 93 10  |r|= 0.00823  e= [-116.59196649 -116.59168168 -116.58544638 -116.570126  ]  max|de|= -2.2e-05  lindep= 0.998
davidson 94 11  |r|= 0.00803  e= [-116.59196649 -116.59168168 -116.58544638 -116.57015017]  max|de|= -2.42e-05  lindep= 0.996
davidson 95 12  |r|= 0.00787  e= [-116.59196649 -116.59168168 -116.58544638 -116.5701714 ]  max|de|= -2.12e-05  lindep= 0.993
davidson 96 13  |r|= 0.00817  e= [-116.59196649 -116.59168168 -116.58544638 -116.57019353]  max|de|= -2.21e-05  lindep= 0.993
davidson 97 14  |r|= 0.0084  e= [-116.59196649 -116.59168168 -116.58544638 -116.57021433]  max|de|= -2.08e-05  lindep= 0.995
davidson 98 15  |r|= 0.00791  e= [-116.59196649 -116.59168168 -116.58544638 -116.5702325 ]  max|de|= -1.82e-05  lindep= 0.994
davidson 99 16  |r|= 0.00793  e= [-116.59196649 -116.59168168 -116.58544638 -116.57025348]  max|de|= -2.1e-05  lindep= 0.987
davidson 100 17  |r|= 0.0076  e= [-116.59196649 -116.59168168 -116.58544638 -116.57027529]  max|de|= -2.18e-05  lindep= 0.981
davidson 101 18  |r|= 0.00828  e= [-116.59196649 -116.59168168 -116.58544638 -116.57029869]  max|de|= -2.34e-05  lindep= 0.992
davidson 102 19  |r|= 0.00904  e= [-116.59196649 -116.59168168 -116.58544638 -116.57032694]  max|de|= -2.82e-05  lindep= 0.993
davidson 103 20  |r|= 0.0101  e= [-116.59196649 -116.59168168 -116.58544638 -116.57036032]  max|de|= -3.34e-05  lindep= 0.982
davidson 104 21  |r|= 0.0138  e= [-116.59196649 -116.59168168 -116.58544638 -116.5704007 ]  max|de|= -4.04e-05  lindep= 0.972
davidson 105 4  |r|= 0.0138  e= [-116.59196649 -116.59168168 -116.58544638 -116.5704007 ]  max|de|= 2.27e-13  lindep=    1
davidson 106 5  |r|= 0.0102  e= [-116.59196649 -116.59168168 -116.58544638 -116.57043984]  max|de|= -3.91e-05  lindep= 0.98
davidson 107 6  |r|= 0.00999  e= [-116.59196649 -116.59168168 -116.58544638 -116.57047775]  max|de|= -3.79e-05  lindep= 0.992
davidson 108 7  |r|= 0.00975  e= [-116.59196649 -116.59168168 -116.58544638 -116.57051474]  max|de|= -3.7e-05  lindep= 0.993
davidson 109 8  |r|= 0.0091  e= [-116.59196649 -116.59168168 -116.58544638 -116.5705476 ]  max|de|= -3.29e-05  lindep= 0.974
davidson 110 9  |r|= 0.00992  e= [-116.59196649 -116.59168168 -116.58544638 -116.57058116]  max|de|= -3.36e-05  lindep= 0.962
davidson 111 10  |r|= 0.0106  e= [-116.59196649 -116.59168168 -116.58544638 -116.57061709]  max|de|= -3.59e-05  lindep= 0.985
davidson 112 11  |r|= 0.0116  e= [-116.59196649 -116.59168168 -116.58544638 -116.57065098]  max|de|= -3.39e-05  lindep= 0.996
davidson 113 12  |r|= 0.0119  e= [-116.59196649 -116.59168168 -116.58544638 -116.57069232]  max|de|= -4.13e-05  lindep= 0.983
davidson 114 13  |r|= 0.0124  e= [-116.59196649 -116.59168168 -116.58544638 -116.57074234]  max|de|= -5e-05  lindep= 0.983
davidson 115 14  |r|= 0.0133  e= [-116.59196649 -116.59168168 -116.58544638 -116.57079812]  max|de|= -5.58e-05  lindep= 0.996
davidson 116 15  |r|= 0.0143  e= [-116.59196649 -116.59168168 -116.58544638 -116.57086702]  max|de|= -6.89e-05  lindep= 0.992
davidson 117 16  |r|= 0.0148  e= [-116.59196649 -116.59168168 -116.58544638 -116.57093959]  max|de|= -7.26e-05  lindep= 0.99
davidson 118 17  |r|= 0.0165  e= [-116.59196649 -116.59168168 -116.58544638 -116.57101338]  max|de|= -7.38e-05  lindep= 0.994
davidson 119 18  |r|= 0.0174  e= [-116.59196649 -116.59168168 -116.58544638 -116.57109423]  max|de|= -8.08e-05  lindep= 0.992
davidson 120 19  |r|= 0.0201  e= [-116.59196649 -116.59168168 -116.58544638 -116.5711953 ]  max|de|= -0.000101  lindep= 0.994
davidson 121 20  |r|= 0.023  e= [-116.59196649 -116.59168168 -116.58544638 -116.57135539]  max|de|= -0.00016  lindep= 0.992
davidson 122 21  |r|= 0.0381  e= [-116.59196649 -116.59168168 -116.58544638 -116.57159483]  max|de|= -0.000239  lindep= 0.993
davidson 123 4  |r|= 0.0381  e= [-116.59196649 -116.59168168 -116.58544638 -116.57159483]  max|de|= 1.14e-13  lindep=    1
davidson 124 5  |r|= 0.0246  e= [-116.59196649 -116.59168168 -116.58544638 -116.57183925]  max|de|= -0.000244  lindep= 0.997
davidson 125 6  |r|= 0.0239  e= [-116.59196649 -116.59168168 -116.58544638 -116.57204324]  max|de|= -0.000204  lindep= 0.998
davidson 126 7  |r|= 0.0221  e= [-116.59196649 -116.59168168 -116.58544638 -116.5721969 ]  max|de|= -0.000154  lindep= 0.999
davidson 127 8  |r|= 0.0216  e= [-116.59196649 -116.59168168 -116.58544638 -116.57233185]  max|de|= -0.000135  lindep= 0.995
davidson 128 9  |r|= 0.0207  e= [-116.59196649 -116.59168168 -116.58544638 -116.57246638]  max|de|= -0.000135  lindep= 0.994
davidson 129 10  |r|= 0.0212  e= [-116.59196649 -116.59168168 -116.58544638 -116.57261314]  max|de|= -0.000147  lindep= 0.998
davidson 130 11  |r|= 0.0205  e= [-116.59196649 -116.59168168 -116.58544638 -116.57277098]  max|de|= -0.000158  lindep= 0.997
davidson 131 12  |r|= 0.0198  e= [-116.59196649 -116.59168168 -116.58544638 -116.57290679]  max|de|= -0.000136  lindep= 0.994
davidson 132 13  |r|= 0.0201  e= [-116.59196649 -116.59168168 -116.58544638 -116.57304124]  max|de|= -0.000134  lindep= 0.992
davidson 133 14  |r|= 0.02  e= [-116.59196649 -116.59168168 -116.58544638 -116.5731631 ]  max|de|= -0.000122  lindep= 0.995
davidson 134 15  |r|= 0.0185  e= [-116.59196649 -116.59168168 -116.58544638 -116.57326393]  max|de|= -0.000101  lindep= 0.995
davidson 135 16  |r|= 0.0179  e= [-116.59196649 -116.59168168 -116.58544638 -116.57337457]  max|de|= -0.000111  lindep= 0.987
davidson 136 17  |r|= 0.0167  e= [-116.59196649 -116.59168168 -116.58544638 -116.57348249]  max|de|= -0.000108  lindep= 0.981
davidson 137 18  |r|= 0.0174  e= [-116.59196649 -116.59168168 -116.58544638 -116.5735892 ]  max|de|= -0.000107  lindep= 0.993
davidson 138 19  |r|= 0.018  e= [-116.59196649 -116.59168168 -116.58544638 -116.57370753]  max|de|= -0.000118  lindep= 0.993
davidson 139 20  |r|= 0.0185  e= [-116.59196649 -116.59168168 -116.58544638 -116.57382798]  max|de|= -0.00012  lindep= 0.984
davidson 140 21  |r|= 0.0241  e= [-116.59196649 -116.59168168 -116.58544638 -116.57395368]  max|de|= -0.000126  lindep= 0.976
davidson 141 4  |r|= 0.0241  e= [-116.59196649 -116.59168168 -116.58544638 -116.57395368]  max|de|= 2.84e-14  lindep=    1
davidson 142 5  |r|= 0.0179  e= [-116.59196649 -116.59168168 -116.58544638 -116.57407205]  max|de|= -0.000118  lindep= 0.984
davidson 143 6  |r|= 0.0179  e= [-116.59196649 -116.59168168 -116.58544638 -116.57418949]  max|de|= -0.000117  lindep= 0.994
davidson 144 7  |r|= 0.0177  e= [-116.59196649 -116.59168168 -116.58544638 -116.57430979]  max|de|= -0.00012  lindep= 0.994
davidson 145 8  |r|= 0.0168  e= [-116.59196649 -116.59168168 -116.58544638 -116.57441824]  max|de|= -0.000108  lindep= 0.979
davidson 146 9  |r|= 0.0181  e= [-116.59196649 -116.59168168 -116.58544638 -116.57452967]  max|de|= -0.000111  lindep= 0.968
davidson 147 10  |r|= 0.0191  e= [-116.59196649 -116.59168168 -116.58544638 -116.57464679]  max|de|= -0.000117  lindep= 0.986
davidson 148 11  |r|= 0.0206  e= [-116.59196649 -116.59168168 -116.58544638 -116.5747548 ]  max|de|= -0.000108  lindep= 0.997
davidson 149 12  |r|= 0.0208  e= [-116.59196649 -116.59168168 -116.58544638 -116.57488404]  max|de|= -0.000129  lindep= 0.985
[ 35046.4s rss 37.00G] stage 2 solved in 16,290s  Ritz [-116.59196649 -116.59168168 -116.58544638 -116.57488404]
[ 35046.4s rss 37.00G] GATE root0 vs certified: drift -0.00 uHa [PASS]
[ 35384.5s rss 37.00G] residual hops: 338s
[ 35384.5s rss 37.00G]   root 0: Rayleigh -116.591966494  |r| 3.941e-06  err   +13.643 mHa
[ 35384.5s rss 37.00G]   root 1: Rayleigh -116.591681685  |r| 5.063e-06  err   +13.927 mHa  gap-to-prev +0.285 mHa
[ 35384.5s rss 37.00G]   root 2: Rayleigh -116.585446380  |r| 2.758e-06  err   +20.163 mHa  gap-to-prev +6.235 mHa
[ 35384.5s rss 37.00G]   root 3: Rayleigh -116.574884038  |r| 2.077e-02  err   +30.725 mHa  gap-to-prev +10.562 mHa
[ 35881.6s rss 43.69G] moments done in 497s
[ 35881.6s rss 43.69G]   per-root <S2> diag:  ['1.3711', '2.3635', '4.7380', '15.2627']
[ 35881.6s rss 43.69G]   Gram eigenvalues:    ['0.0369', '2.2239', '6.0156', '15.4589']
[ 35881.6s rss 43.69G]   per-root Var(S2):    ['6.9156', '3.5404', '7.4079', '20.7122']
[ 35881.6s rss 43.69G]   root 0 sector solve (S=0,1,2): w=(+0.8189, -0.0711, +0.2522)  [beyond-S=2 support]
[ 35881.6s rss 43.69G]   root 1 sector solve (S=0,1,2): w=(+0.1849, +0.6318, +0.1833)
[ 35881.6s rss 43.69G]   root 2 sector solve (S=0,1,2): w=(+0.3294, -0.1786, +0.8492)  [beyond-S=2 support]
[ 35881.6s rss 43.69G]   root 3 sector solve (S=0,1,2): w=(+11.9635, -20.2609, +9.2974)  [beyond-S=2 support]
[ 35881.6s rss 43.69G] saved gram7500_s4ck2.npz
[ 35895.2s rss 43.69G] restart saved
[ 35895.2s rss 43.69G] === stage 3/3: kernel_fixed_space nroots=4 tol=1e-10 max_cycle=150 NT=64 ===
davidson 0 4  |r|= 0.0208  e= [-116.59196649 -116.59168168 -116.58544638 -116.57488404]  max|de|= -117  lindep= 0.999
root 0 converged  |r|= 3.49e-06  e= -116.59196649371296  max|de|= -3.85e-12
root 1 converged  |r|= 4.47e-06  e= -116.59168168499046  max|de|= -9.46e-12
root 2 converged  |r|= 2.87e-06  e= -116.58544637972958  max|de|= -3.11e-12
davidson 1 8  |r|= 0.0147  e= [-116.59196649 -116.59168168 -116.58544638 -116.57495282]  max|de|= -6.88e-05  lindep= 0.987
davidson 2 9  |r|= 0.0146  e= [-116.59196649 -116.59168168 -116.58544638 -116.57501569]  max|de|= -6.29e-05  lindep= 0.997
davidson 3 10  |r|= 0.0143  e= [-116.59196649 -116.59168168 -116.58544638 -116.57508363]  max|de|= -6.79e-05  lindep= 0.988
davidson 4 11  |r|= 0.0133  e= [-116.59196649 -116.59168168 -116.58544638 -116.57514953]  max|de|= -6.59e-05  lindep= 0.976
davidson 5 12  |r|= 0.0136  e= [-116.59196649 -116.59168168 -116.58544638 -116.57521418]  max|de|= -6.46e-05  lindep= 0.991
davidson 6 13  |r|= 0.0139  e= [-116.59196649 -116.59168168 -116.58544638 -116.57528338]  max|de|= -6.92e-05  lindep= 0.989
davidson 7 14  |r|= 0.0151  e= [-116.59196649 -116.59168168 -116.58544638 -116.57535205]  max|de|= -6.87e-05  lindep= 0.979
davidson 8 15  |r|= 0.017  e= [-116.59196649 -116.59168168 -116.58544638 -116.57542371]  max|de|= -7.17e-05  lindep= 0.975
davidson 9 16  |r|= 0.0346  e= [-116.59196649 -116.59168168 -116.58544638 -116.57559911]  max|de|= -0.000175  lindep= 0.986
davidson 10 17  |r|= 0.0633  e= [-116.59196649 -116.59168168 -116.58544638 -116.57647117]  max|de|= -0.000872  lindep= 0.996
davidson 11 18  |r|= 0.0568  e= [-116.59196649 -116.59168168 -116.58544638 -116.57778291]  max|de|= -0.00131  lindep= 0.996
davidson 12 19  |r|= 0.0374  e= [-116.59196649 -116.59168168 -116.58544638 -116.578654  ]  max|de|= -0.000871  lindep= 0.99
davidson 13 20  |r|= 0.0235  e= [-116.59196649 -116.59168168 -116.58544638 -116.5789864 ]  max|de|= -0.000332  lindep= 0.987
davidson 14 21  |r|= 0.016  e= [-116.59196649 -116.59168168 -116.58544638 -116.5791213 ]  max|de|= -0.000135  lindep= 0.989
davidson 15 4  |r|= 0.016  e= [-116.59196649 -116.59168168 -116.58544638 -116.5791213 ]  max|de|= -2.7e-13  lindep=    1
davidson 16 5  |r|= 0.0126  e= [-116.59196649 -116.59168168 -116.58544638 -116.57916969]  max|de|= -4.84e-05  lindep= 0.997
davidson 17 6  |r|= 0.0136  e= [-116.59196649 -116.59168168 -116.58544638 -116.57924038]  max|de|= -7.07e-05  lindep= 0.999
davidson 18 7  |r|= 0.00943  e= [-116.59196649 -116.59168168 -116.58544638 -116.5792831 ]  max|de|= -4.27e-05  lindep= 0.995
davidson 19 8  |r|= 0.00939  e= [-116.59196649 -116.59168168 -116.58544638 -116.57931751]  max|de|= -3.44e-05  lindep= 0.996
davidson 20 9  |r|= 0.00636  e= [-116.59196649 -116.59168168 -116.58544638 -116.57934006]  max|de|= -2.25e-05  lindep= 0.997
davidson 21 10  |r|= 0.00722  e= [-116.59196649 -116.59168168 -116.58544638 -116.57935176]  max|de|= -1.17e-05  lindep= 0.993
davidson 22 11  |r|= 0.00734  e= [-116.59196649 -116.59168168 -116.58544638 -116.5793676 ]  max|de|= -1.58e-05  lindep= 0.997
davidson 23 12  |r|= 0.00568  e= [-116.59196649 -116.59168168 -116.58544638 -116.57938133]  max|de|= -1.37e-05  lindep= 0.995
davidson 24 13  |r|= 0.00426  e= [-116.59196649 -116.59168168 -116.58544638 -116.57938994]  max|de|= -8.6e-06  lindep= 0.992
davidson 25 14  |r|= 0.00414  e= [-116.59196649 -116.59168168 -116.58544638 -116.57939518]  max|de|= -5.24e-06  lindep= 0.991
davidson 26 15  |r|= 0.00416  e= [-116.59196649 -116.59168168 -116.58544638 -116.57940115]  max|de|= -5.98e-06  lindep= 0.985
davidson 27 16  |r|= 0.00314  e= [-116.59196649 -116.59168168 -116.58544638 -116.57940596]  max|de|= -4.8e-06  lindep= 0.991
davidson 28 17  |r|= 0.00218  e= [-116.59196649 -116.59168168 -116.58544638 -116.57940809]  max|de|= -2.13e-06  lindep= 0.985
davidson 29 18  |r|= 0.00185  e= [-116.59196649 -116.59168168 -116.58544638 -116.5794091 ]  max|de|= -1.01e-06  lindep= 0.978
davidson 30 19  |r|= 0.00105  e= [-116.59196649 -116.59168168 -116.58544638 -116.57941003]  max|de|= -9.36e-07  lindep= 0.993
davidson 31 20  |r|= 0.00101  e= [-116.59196649 -116.59168168 -116.58544638 -116.57941035]  max|de|= -3.22e-07  lindep= 0.992
davidson 32 21  |r|= 0.00115  e= [-116.59196649 -116.59168168 -116.58544638 -116.57941069]  max|de|= -3.32e-07  lindep= 0.974
davidson 33 4  |r|= 0.00115  e= [-116.59196649 -116.59168168 -116.58544638 -116.57941069]  max|de|= 1.42e-13  lindep=    1
davidson 34 5  |r|= 0.000842  e= [-116.59196649 -116.59168168 -116.58544638 -116.57941094]  max|de|= -2.55e-07  lindep= 0.992
davidson 35 6  |r|= 0.00083  e= [-116.59196649 -116.59168168 -116.58544638 -116.57941116]  max|de|= -2.15e-07  lindep= 0.999
davidson 36 7  |r|= 0.00122  e= [-116.59196649 -116.59168168 -116.58544638 -116.57941161]  max|de|= -4.57e-07  lindep= 0.988
davidson 37 8  |r|= 0.00123  e= [-116.59196649 -116.59168168 -116.58544638 -116.57941201]  max|de|= -3.96e-07  lindep= 0.971
davidson 38 9  |r|= 0.00154  e= [-116.59196649 -116.59168168 -116.58544638 -116.57941258]  max|de|= -5.71e-07  lindep= 0.99
davidson 39 10  |r|= 0.00151  e= [-116.59196649 -116.59168168 -116.58544638 -116.57941339]  max|de|= -8.08e-07  lindep= 0.995
davidson 40 11  |r|= 0.00119  e= [-116.59196649 -116.59168168 -116.58544638 -116.57941396]  max|de|= -5.76e-07  lindep= 0.982
davidson 41 12  |r|= 0.00113  e= [-116.59196649 -116.59168168 -116.58544638 -116.57941439]  max|de|= -4.28e-07  lindep= 0.99
davidson 42 13  |r|= 0.0013  e= [-116.59196649 -116.59168168 -116.58544638 -116.57941493]  max|de|= -5.41e-07  lindep= 0.989
davidson 43 14  |r|= 0.00134  e= [-116.59196649 -116.59168168 -116.58544638 -116.57941553]  max|de|= -6e-07  lindep= 0.987
davidson 44 15  |r|= 0.00116  e= [-116.59196649 -116.59168168 -116.58544638 -116.57941598]  max|de|= -4.51e-07  lindep= 0.994
davidson 45 16  |r|= 0.0011  e= [-116.59196649 -116.59168168 -116.58544638 -116.5794163 ]  max|de|= -3.17e-07  lindep= 0.989
davidson 46 17  |r|= 0.00141  e= [-116.59196649 -116.59168168 -116.58544638 -116.57941683]  max|de|= -5.32e-07  lindep= 0.993
davidson 47 18  |r|= 0.00129  e= [-116.59196649 -116.59168168 -116.58544638 -116.57941755]  max|de|= -7.14e-07  lindep= 0.995
davidson 48 19  |r|= 0.00155  e= [-116.59196649 -116.59168168 -116.58544638 -116.5794182 ]  max|de|= -6.52e-07  lindep= 0.994
davidson 49 20  |r|= 0.00123  e= [-116.59196649 -116.59168168 -116.58544638 -116.57941901]  max|de|= -8.12e-07  lindep= 0.995
davidson 50 21  |r|= 0.00142  e= [-116.59196649 -116.59168168 -116.58544638 -116.57941946]  max|de|= -4.5e-07  lindep= 0.992
davidson 51 4  |r|= 0.00142  e= [-116.59196649 -116.59168168 -116.58544638 -116.57941946]  max|de|= -1.14e-13  lindep=    1
davidson 52 5  |r|= 0.000969  e= [-116.59196649 -116.59168168 -116.58544638 -116.57941979]  max|de|= -3.27e-07  lindep= 0.995
davidson 53 6  |r|= 0.000981  e= [-116.59196649 -116.59168168 -116.58544638 -116.57942017]  max|de|= -3.8e-07  lindep= 0.998
davidson 54 7  |r|= 0.00069  e= [-116.59196649 -116.59168168 -116.58544638 -116.57942039]  max|de|= -2.24e-07  lindep= 0.997
davidson 55 8  |r|= 0.000695  e= [-116.59196649 -116.59168168 -116.58544638 -116.57942058]  max|de|= -1.93e-07  lindep= 0.997
davidson 56 9  |r|= 0.000565  e= [-116.59196649 -116.59168168 -116.58544638 -116.57942072]  max|de|= -1.32e-07  lindep= 0.997
davidson 57 10  |r|= 0.000619  e= [-116.59196649 -116.59168168 -116.58544638 -116.5794208 ]  max|de|= -8.78e-08  lindep= 0.993
davidson 58 11  |r|= 0.0007  e= [-116.59196649 -116.59168168 -116.58544638 -116.57942093]  max|de|= -1.26e-07  lindep= 0.995
davidson 59 12  |r|= 0.000669  e= [-116.59196649 -116.59168168 -116.58544638 -116.57942109]  max|de|= -1.57e-07  lindep= 0.996
davidson 60 13  |r|= 0.00054  e= [-116.59196649 -116.59168168 -116.58544638 -116.57942121]  max|de|= -1.26e-07  lindep= 0.995
davidson 61 14  |r|= 0.000508  e= [-116.59196649 -116.59168168 -116.58544638 -116.5794213 ]  max|de|= -8.7e-08  lindep= 0.992
davidson 62 15  |r|= 0.00059  e= [-116.59196649 -116.59168168 -116.58544638 -116.5794214 ]  max|de|= -9.67e-08  lindep= 0.991
davidson 63 16  |r|= 0.000536  e= [-116.59196649 -116.59168168 -116.58544638 -116.57942151]  max|de|= -1.1e-07  lindep= 0.995
davidson 64 17  |r|= 0.0004  e= [-116.59196649 -116.59168168 -116.58544638 -116.57942157]  max|de|= -6.12e-08  lindep= 0.987
davidson 65 18  |r|= 0.000387  e= [-116.59196649 -116.59168168 -116.58544638 -116.57942161]  max|de|= -4.04e-08  lindep= 0.985
davidson 66 19  |r|= 0.000277  e= [-116.59196649 -116.59168168 -116.58544638 -116.57942165]  max|de|= -4.35e-08  lindep= 0.997
davidson 67 20  |r|= 0.000277  e= [-116.59196649 -116.59168168 -116.58544638 -116.57942167]  max|de|= -2.19e-08  lindep= 0.99
davidson 68 21  |r|= 0.000333  e= [-116.59196649 -116.59168168 -116.58544638 -116.5794217 ]  max|de|= -2.71e-08  lindep= 0.979
davidson 69 4  |r|= 0.000333  e= [-116.59196649 -116.59168168 -116.58544638 -116.5794217 ]  max|de|= 1.28e-13  lindep=    1
davidson 70 5  |r|= 0.000244  e= [-116.59196649 -116.59168168 -116.58544638 -116.57942172]  max|de|= -2.26e-08  lindep= 0.995
davidson 71 6  |r|= 0.000231  e= [-116.59196649 -116.59168168 -116.58544638 -116.57942174]  max|de|= -1.62e-08  lindep= 0.999
davidson 72 7  |r|= 0.000295  e= [-116.59196649 -116.59168168 -116.58544638 -116.57942177]  max|de|= -2.73e-08  lindep= 0.991
davidson 73 8  |r|= 0.000289  e= [-116.59196649 -116.59168168 -116.58544638 -116.57942179]  max|de|= -2.31e-08  lindep= 0.982
davidson 74 9  |r|= 0.000369  e= [-116.59196649 -116.59168168 -116.58544638 -116.57942182]  max|de|= -3.02e-08  lindep= 0.994
davidson 75 10  |r|= 0.000375  e= [-116.59196649 -116.59168168 -116.58544638 -116.57942187]  max|de|= -4.78e-08  lindep= 0.996
davidson 76 11  |r|= 0.000306  e= [-116.59196649 -116.59168168 -116.58544638 -116.5794219 ]  max|de|= -3.66e-08  lindep= 0.986
davidson 77 12  |r|= 0.000326  e= [-116.59196649 -116.59168168 -116.58544638 -116.57942194]  max|de|= -3.26e-08  lindep= 0.993
davidson 78 13  |r|= 0.000381  e= [-116.59196649 -116.59168168 -116.58544638 -116.57942198]  max|de|= -4.37e-08  lindep= 0.994
davidson 79 14  |r|= 0.000369  e= [-116.59196649 -116.59168168 -116.58544638 -116.57942203]  max|de|= -4.81e-08  lindep= 0.992
davidson 80 15  |r|= 0.000313  e= [-116.59196649 -116.59168168 -116.58544638 -116.57942206]  max|de|= -3.37e-08  lindep= 0.992
davidson 81 16  |r|= 0.000291  e= [-116.59196649 -116.59168168 -116.58544638 -116.57942209]  max|de|= -2.28e-08  lindep= 0.991
davidson 82 17  |r|= 0.000331  e= [-116.59196649 -116.59168168 -116.58544638 -116.57942212]  max|de|= -3.16e-08  lindep= 0.996
davidson 83 18  |r|= 0.0003  e= [-116.59196649 -116.59168168 -116.58544638 -116.57942216]  max|de|= -4.05e-08  lindep= 0.994
davidson 84 19  |r|= 0.000371  e= [-116.59196649 -116.59168168 -116.58544638 -116.57942219]  max|de|= -3.67e-08  lindep= 0.995
davidson 85 20  |r|= 0.00031  e= [-116.59196649 -116.59168168 -116.58544638 -116.57942224]  max|de|= -4.64e-08  lindep= 0.992
davidson 86 21  |r|= 0.000386  e= [-116.59196649 -116.59168168 -116.58544638 -116.57942227]  max|de|= -2.93e-08  lindep= 0.99
davidson 87 4  |r|= 0.000386  e= [-116.59196649 -116.59168168 -116.58544638 -116.57942227]  max|de|= -1.99e-13  lindep=    1
davidson 88 5  |r|= 0.000263  e= [-116.59196649 -116.59168168 -116.58544638 -116.57942229]  max|de|= -2.39e-08  lindep= 0.995
davidson 89 6  |r|= 0.000265  e= [-116.59196649 -116.59168168 -116.58544638 -116.57942232]  max|de|= -2.77e-08  lindep= 0.998
davidson 90 7  |r|= 0.000195  e= [-116.59196649 -116.59168168 -116.58544638 -116.57942234]  max|de|= -1.68e-08  lindep= 0.997
davidson 91 8  |r|= 0.000198  e= [-116.59196649 -116.59168168 -116.58544638 -116.57942235]  max|de|= -1.57e-08  lindep= 0.996
davidson 92 9  |r|= 0.00017  e= [-116.59196649 -116.59168168 -116.58544638 -116.57942236]  max|de|= -1.11e-08  lindep= 0.996
davidson 93 10  |r|= 0.000183  e= [-116.59196649 -116.59168168 -116.58544638 -116.57942237]  max|de|= -7.83e-09  lindep= 0.993
davidson 94 11  |r|= 0.000205  e= [-116.59196649 -116.59168168 -116.58544638 -116.57942238]  max|de|= -1.08e-08  lindep= 0.996
davidson 95 12  |r|= 0.000191  e= [-116.59196649 -116.59168168 -116.58544638 -116.5794224 ]  max|de|= -1.34e-08  lindep= 0.996
davidson 96 13  |r|= 0.000152  e= [-116.59196649 -116.59168168 -116.58544638 -116.57942241]  max|de|= -1.01e-08  lindep= 0.993
davidson 97 14  |r|= 0.000133  e= [-116.59196649 -116.59168168 -116.58544638 -116.57942241]  max|de|= -6.61e-09  lindep= 0.99
davidson 98 15  |r|= 0.000153  e= [-116.59196649 -116.59168168 -116.58544638 -116.57942242]  max|de|= -6.47e-09  lindep= 0.991
davidson 99 16  |r|= 0.000138  e= [-116.59196649 -116.59168168 -116.58544638 -116.57942243]  max|de|= -7.27e-09  lindep= 0.995
davidson 100 17  |r|= 0.000105  e= [-116.59196649 -116.59168168 -116.58544638 -116.57942243]  max|de|= -4.07e-09  lindep= 0.984
davidson 101 18  |r|= 0.000104  e= [-116.59196649 -116.59168168 -116.58544638 -116.57942243]  max|de|= -2.96e-09  lindep= 0.981
davidson 102 19  |r|= 8.05e-05  e= [-116.59196649 -116.59168168 -116.58544638 -116.57942244]  max|de|= -3.27e-09  lindep= 0.996
davidson 103 20  |r|= 8.27e-05  e= [-116.59196649 -116.59168168 -116.58544638 -116.57942244]  max|de|= -1.94e-09  lindep= 0.991
davidson 104 21  |r|= 0.000106  e= [-116.59196649 -116.59168168 -116.58544638 -116.57942244]  max|de|= -2.5e-09  lindep= 0.979
davidson 105 4  |r|= 0.000106  e= [-116.59196649 -116.59168168 -116.58544638 -116.57942244]  max|de|= -1.71e-13  lindep=    1
davidson 106 5  |r|= 7.61e-05  e= [-116.59196649 -116.59168168 -116.58544638 -116.57942244]  max|de|= -2.22e-09  lindep= 0.995
davidson 107 6  |r|= 7.23e-05  e= [-116.59196649 -116.59168168 -116.58544638 -116.57942245]  max|de|= -1.63e-09  lindep= 0.999
davidson 108 7  |r|= 8.81e-05  e= [-116.59196649 -116.59168168 -116.58544638 -116.57942245]  max|de|= -2.45e-09  lindep= 0.991
davidson 109 8  |r|= 8.65e-05  e= [-116.59196649 -116.59168168 -116.58544638 -116.57942245]  max|de|= -2.1e-09  lindep= 0.983
davidson 110 9  |r|= 0.000108  e= [-116.59196649 -116.59168168 -116.58544638 -116.57942245]  max|de|= -2.59e-09  lindep= 0.994
davidson 111 10  |r|= 0.000114  e= [-116.59196649 -116.59168168 -116.58544638 -116.57942246]  max|de|= -4.27e-09  lindep= 0.996
davidson 112 11  |r|= 9.29e-05  e= [-116.59196649 -116.59168168 -116.58544638 -116.57942246]  max|de|= -3.31e-09  lindep= 0.986
davidson 113 12  |r|= 0.000103  e= [-116.59196649 -116.59168168 -116.58544638 -116.57942246]  max|de|= -3.16e-09  lindep= 0.993
davidson 114 13  |r|= 0.000118  e= [-116.59196649 -116.59168168 -116.58544638 -116.57942247]  max|de|= -4.23e-09  lindep= 0.994
davidson 115 14  |r|= 0.000117  e= [-116.59196649 -116.59168168 -116.58544638 -116.57942247]  max|de|= -4.75e-09  lindep= 0.993
davidson 116 15  |r|= 9.8e-05  e= [-116.59196649 -116.59168168 -116.58544638 -116.57942248]  max|de|= -3.29e-09  lindep= 0.996
davidson 117 16  |r|= 9e-05  e= [-116.59196649 -116.59168168 -116.58544638 -116.57942248]  max|de|= -2.22e-09  lindep= 0.992
davidson 118 17  |r|= 9.65e-05  e= [-116.59196649 -116.59168168 -116.58544638 -116.57942248]  max|de|= -2.81e-09  lindep= 0.995
davidson 119 18  |r|= 8.92e-05  e= [-116.59196649 -116.59168168 -116.58544638 -116.57942248]  max|de|= -3.49e-09  lindep= 0.996
davidson 120 19  |r|= 0.000107  e= [-116.59196649 -116.59168168 -116.58544638 -116.57942249]  max|de|= -3.1e-09  lindep= 0.997
davidson 121 20  |r|= 9.43e-05  e= [-116.59196649 -116.59168168 -116.58544638 -116.57942249]  max|de|= -4.01e-09  lindep= 0.993
davidson 122 21  |r|= 0.00012  e= [-116.59196649 -116.59168168 -116.58544638 -116.57942249]  max|de|= -2.72e-09  lindep= 0.991
davidson 123 4  |r|= 0.00012  e= [-116.59196649 -116.59168168 -116.58544638 -116.57942249]  max|de|= 2.13e-13  lindep=    1
davidson 124 5  |r|= 8.23e-05  e= [-116.59196649 -116.59168168 -116.58544638 -116.5794225 ]  max|de|= -2.3e-09  lindep= 0.996
davidson 125 6  |r|= 8.19e-05  e= [-116.59196649 -116.59168168 -116.58544638 -116.5794225 ]  max|de|= -2.68e-09  lindep= 0.998
davidson 126 7  |r|= 6.27e-05  e= [-116.59196649 -116.59168168 -116.58544638 -116.5794225 ]  max|de|= -1.64e-09  lindep= 0.997
davidson 127 8  |r|= 6.13e-05  e= [-116.59196649 -116.59168168 -116.58544638 -116.5794225 ]  max|de|= -1.56e-09  lindep= 0.998
davidson 128 9  |r|= 5.46e-05  e= [-116.59196649 -116.59168168 -116.58544638 -116.5794225 ]  max|de|= -1.09e-09  lindep= 0.997
davidson 129 10  |r|= 5.69e-05  e= [-116.59196649 -116.59168168 -116.58544638 -116.5794225 ]  max|de|= -7.86e-10  lindep= 0.995
davidson 130 11  |r|= 6.4e-05  e= [-116.59196649 -116.59168168 -116.58544638 -116.57942251]  max|de|= -1.04e-09  lindep= 0.998
davidson 131 12  |r|= 5.84e-05  e= [-116.59196649 -116.59168168 -116.58544638 -116.57942251]  max|de|= -1.27e-09  lindep= 0.996
davidson 132 13  |r|= 4.81e-05  e= [-116.59196649 -116.59168168 -116.58544638 -116.57942251]  max|de|= -9.65e-10  lindep= 0.995
davidson 133 14  |r|= 4.07e-05  e= [-116.59196649 -116.59168168 -116.58544638 -116.57942251]  max|de|= -6.48e-10  lindep= 0.993
davidson 134 15  |r|= 4.75e-05  e= [-116.59196649 -116.59168168 -116.58544638 -116.57942251]  max|de|= -6.06e-10  lindep= 0.991
davidson 135 16  |r|= 4.25e-05  e= [-116.59196649 -116.59168168 -116.58544638 -116.57942251]  max|de|= -7.02e-10  lindep= 0.995
davidson 136 17  |r|= 3.34e-05  e= [-116.59196649 -116.59168168 -116.58544638 -116.57942251]  max|de|= -3.9e-10  lindep= 0.99
davidson 137 18  |r|= 3.22e-05  e= [-116.59196649 -116.59168168 -116.58544638 -116.57942251]  max|de|= -2.94e-10  lindep= 0.985
davidson 138 19  |r|= 2.56e-05  e= [-116.59196649 -116.59168168 -116.58544638 -116.57942251]  max|de|= -3.1e-10  lindep= 0.995
davidson 139 20  |r|= 2.59e-05  e= [-116.59196649 -116.59168168 -116.58544638 -116.57942251]  max|de|= -1.97e-10  lindep= 0.993
davidson 140 21  |r|= 3.34e-05  e= [-116.59196649 -116.59168168 -116.58544638 -116.57942251]  max|de|= -2.4e-10  lindep= 0.983
davidson 141 4  |r|= 3.34e-05  e= [-116.59196649 -116.59168168 -116.58544638 -116.57942251]  max|de|= 9.95e-14  lindep=    1
davidson 142 5  |r|= 2.42e-05  e= [-116.59196649 -116.59168168 -116.58544638 -116.57942251]  max|de|= -2.18e-10  lindep= 0.996
davidson 143 6  |r|= 2.36e-05  e= [-116.59196649 -116.59168168 -116.58544638 -116.57942251]  max|de|= -1.72e-10  lindep= 0.999
davidson 144 7  |r|= 2.82e-05  e= [-116.59196649 -116.59168168 -116.58544638 -116.57942251]  max|de|= -2.49e-10  lindep= 0.992
davidson 145 8  |r|= 2.82e-05  e= [-116.59196649 -116.59168168 -116.58544638 -116.57942251]  max|de|= -2.21e-10  lindep= 0.986
davidson 146 9  |r|= 3.47e-05  e= [-116.59196649 -116.59168168 -116.58544638 -116.57942251]  max|de|= -2.68e-10  lindep= 0.995
davidson 147 10  |r|= 3.65e-05  e= [-116.59196649 -116.59168168 -116.58544638 -116.57942251]  max|de|= -4.42e-10  lindep= 0.995
davidson 148 11  |r|= 2.93e-05  e= [-116.59196649 -116.59168168 -116.58544638 -116.57942251]  max|de|= -3.33e-10  lindep= 0.985
davidson 149 12  |r|= 3.32e-05  e= [-116.59196649 -116.59168168 -116.58544638 -116.57942251]  max|de|= -3.26e-10  lindep= 0.994
[ 52357.7s rss 43.69G] stage 3 solved in 16,462s  Ritz [-116.59196649 -116.59168168 -116.58544638 -116.57942251]
[ 52357.7s rss 43.69G] GATE root0 vs certified: drift -0.00 uHa [PASS]
[ 52698.5s rss 43.69G] residual hops: 341s
[ 52698.5s rss 43.69G]   root 0: Rayleigh -116.591966494  |r| 3.248e-06  err   +13.643 mHa
[ 52698.5s rss 43.69G]   root 1: Rayleigh -116.591681685  |r| 4.057e-06  err   +13.927 mHa  gap-to-prev +0.285 mHa
[ 52698.5s rss 43.69G]   root 2: Rayleigh -116.585446380  |r| 2.582e-06  err   +20.163 mHa  gap-to-prev +6.235 mHa
[ 52698.5s rss 43.69G]   root 3: Rayleigh -116.579422513  |r| 3.321e-05  err   +26.187 mHa  gap-to-prev +6.024 mHa
[ 53193.3s rss 43.69G] moments done in 495s
[ 53193.3s rss 43.69G]   per-root <S2> diag:  ['1.3711', '2.3635', '4.7380', '11.5901']
[ 53193.3s rss 43.69G]   Gram eigenvalues:    ['0.0372', '2.0189', '6.0719', '11.9346']
[ 53193.3s rss 43.69G]   per-root Var(S2):    ['6.9155', '3.5408', '7.4080', '4.4101']
[ 53193.3s rss 43.69G]   root 0 sector solve (S=0,1,2): w=(+0.8189, -0.0711, +0.2522)  [beyond-S=2 support]
[ 53193.3s rss 43.69G]   root 1 sector solve (S=0,1,2): w=(+0.1849, +0.6318, +0.1833)
[ 53193.3s rss 43.69G]   root 2 sector solve (S=0,1,2): w=(+0.3294, -0.1786, +0.8492)  [beyond-S=2 support]
[ 53193.3s rss 43.69G]   root 3 sector solve (S=0,1,2): w=(+4.8350, -8.6500, +4.8150)  [beyond-S=2 support]
[ 53193.3s rss 43.69G] saved gram7500_s4ck3.npz
[ 53206.9s rss 43.69G] restart saved
[ 53206.9s rss 43.69G] saved gram7500_s4.npz (= ck3)
GRAM7500S4_DONE
GRAM7500S4_CAMPAIGN_DONE
