=== STAGE tb7500 NT=64 Thu Jul 16 15:51:57 UTC 2026 ===
[      0.0s] G0 PASS payload hashes + probes
[      0.2s] === S1 chunked build: N=7500 D=56,250,000 NCH=512 NW=20 ===
[      1.5s] exact nnz_tri prediction: 127,975,471,122 (~1.54 TB on disk; 1s)
[    234.3s] chunk 0 parent build: kept 78,622,608 (233s)
[    573.9s] G1 PASS chunk-0 parent/worker builds identical
[    895.1s]   S1 25/512 chunks, kept 3,649,138,085 (661s, ETA 12874s)
[   1214.8s]   S1 50/512 chunks, kept 8,378,209,064 (981s, ETA 9060s)
[   1574.0s]   S1 75/512 chunks, kept 13,507,634,324 (1340s, ETA 7806s)
[   1939.7s]   S1 100/512 chunks, kept 18,677,776,757 (1705s, ETA 7026s)
[   2468.8s]   S1 125/512 chunks, kept 24,436,929,242 (2234s, ETA 6918s)
[   2821.4s]   S1 150/512 chunks, kept 30,813,413,367 (2587s, ETA 6244s)
[   3177.9s]   S1 175/512 chunks, kept 37,290,072,739 (2944s, ETA 5669s)
[   3580.7s]   S1 200/512 chunks, kept 42,509,397,908 (3346s, ETA 5220s)
[   4069.3s]   S1 225/512 chunks, kept 47,972,739,742 (3835s, ETA 4892s)
[   4452.8s]   S1 250/512 chunks, kept 53,998,608,905 (4218s, ETA 4421s)
[   4824.4s]   S1 275/512 chunks, kept 60,894,554,323 (4590s, ETA 3956s)
[   5216.6s]   S1 300/512 chunks, kept 67,001,021,752 (4982s, ETA 3521s)
[   5716.1s]   S1 325/512 chunks, kept 73,207,941,325 (5482s, ETA 3154s)
[   6091.8s]   S1 350/512 chunks, kept 80,076,913,208 (5857s, ETA 2711s)
[   6455.0s]   S1 375/512 chunks, kept 87,296,728,048 (6221s, ETA 2273s)
[   6831.9s]   S1 400/512 chunks, kept 93,859,515,266 (6598s, ETA 1847s)
[   7290.2s]   S1 425/512 chunks, kept 101,264,178,278 (7056s, ETA 1444s)
[   7738.3s]   S1 450/512 chunks, kept 108,509,176,344 (7504s, ETA 1034s)
[   8053.8s]   S1 475/512 chunks, kept 116,014,253,787 (7819s, ETA 609s)
[   8416.4s]   S1 500/512 chunks, kept 123,788,778,792 (8182s, ETA 196s)
[   8645.4s] S1 kept total 127,975,471,122 vs predicted 127,975,471,122
[   8645.4s] G2 PASS assembled nnz == exact combinatorial prediction
[   8645.4s] === S2 concatenation assembly (row-contiguous chunks) ===
[   8724.4s]   S2 concat 51/512 (79s)
[   8817.9s]   S2 concat 102/512 (172s)
[   8928.0s]   S2 concat 153/512 (283s)
[   9032.1s]   S2 concat 204/512 (387s)
[   9147.6s]   S2 concat 255/512 (502s)
[   9264.5s]   S2 concat 306/512 (619s)
[   9382.2s]   S2 concat 357/512 (737s)
[   9510.2s]   S2 concat 408/512 (865s)
[   9647.1s]   S2 concat 459/512 (1002s)
[   9791.5s]   S2 concat 510/512 (1146s)
[   9807.0s] S2 assembled 127,975,471,122 nnz (1162s); chunk files removed
[   9807.3s] === S3 warm + Rayleigh-quotient gates ===
[   9966.8s]   warm root0: RQ -116.591966494 vs cert -116.591966494 |d|=1.42e-14 (147s)
[  10138.3s]   warm root1: RQ -116.591681685 vs cert -116.591681685 |d|=1.99e-13 (318s)
[  10310.2s]   warm root2: RQ -116.585446380 vs cert -116.585446380 |d|=1.28e-13 (490s)
[  10310.2s] G3 PASS warm Rayleigh quotients
[  10310.2s] === S4 block Davidson: nroots=3 tol=1e-08 ===
[  11388.1s]     dav it   0 m=  6 E=[-116.578274669 -116.577990946 -116.571789082] res_max=2.01e-01
[  11927.1s]     dav it   1 m=  9 E=[-116.590094075 -116.589809952 -116.583575741] res_max=7.68e-02
[  12466.4s]     dav it   2 m= 12 E=[-116.591445319 -116.59116133  -116.584926616] res_max=4.14e-02
[  13008.6s]     dav it   3 m= 15 E=[-116.591783251 -116.591497714 -116.58526459 ] res_max=2.47e-02
[  13554.0s]     dav it   4 m= 18 E=[-116.591892892 -116.59160602  -116.585372317] res_max=1.58e-02
[  14103.9s]     dav it   5 m= 21 E=[-116.591934542 -116.59164726  -116.585412684] res_max=1.05e-02
[  14653.2s]     dav it   6 m= 24 E=[-116.591952224 -116.591665693 -116.585430671] res_max=6.84e-03
[  15204.2s]     dav it   7 m= 27 E=[-116.591959936 -116.591674155 -116.585438978] res_max=4.48e-03
[  15760.3s]     dav it   8 m= 30 E=[-116.591963346 -116.591678093 -116.585442782] res_max=2.94e-03
[  16324.7s]     dav it   9 m= 33 E=[-116.591964909 -116.591679897 -116.585444547] res_max=2.01e-03
[  16886.0s]     dav it  10 m= 36 E=[-116.591965651 -116.59168074  -116.585445392] res_max=1.42e-03
[  17458.1s]     dav it  11 m= 39 E=[-116.591966025 -116.591681167 -116.585445822] res_max=1.01e-03
[  18025.0s]     dav it  12 m= 42 E=[-116.591966224 -116.591681391 -116.585446053] res_max=7.43e-04
[  18592.3s]     dav it  13 m= 45 E=[-116.591966333 -116.591681513 -116.58544618 ] res_max=5.60e-04
[  19155.6s]     dav it  14 m= 48 E=[-116.591966395 -116.59168158  -116.585446252] res_max=4.30e-04
[  19815.3s]     dav it  15 m= 24 E=[-116.591966431 -116.591681619 -116.585446296] res_max=3.35e-04
[  20367.9s]     dav it  16 m= 27 E=[-116.591966448 -116.591681638 -116.585446317] res_max=2.79e-04
[  20934.9s]     dav it  17 m= 30 E=[-116.591966464 -116.591681654 -116.585446338] res_max=2.23e-04
[  21495.7s]     dav it  18 m= 33 E=[-116.591966472 -116.591681663 -116.58544635 ] res_max=1.75e-04
[  22067.7s]     dav it  19 m= 36 E=[-116.591966478 -116.591681669 -116.585446358] res_max=1.51e-04
[  22644.5s]     dav it  20 m= 39 E=[-116.591966482 -116.591681673 -116.585446363] res_max=1.25e-04
[  23228.1s]     dav it  21 m= 42 E=[-116.591966485 -116.591681676 -116.585446367] res_max=1.07e-04
[  23808.3s]     dav it  22 m= 45 E=[-116.591966487 -116.591681678 -116.58544637 ] res_max=9.36e-05
[  24384.5s]     dav it  23 m= 48 E=[-116.591966489 -116.59168168  -116.585446373] res_max=8.01e-05
[  25058.6s]     dav it  24 m= 24 E=[-116.59196649  -116.591681681 -116.585446374] res_max=7.16e-05
[  25620.1s]     dav it  25 m= 27 E=[-116.591966491 -116.591681681 -116.585446375] res_max=6.03e-05
[  26187.2s]     dav it  26 m= 30 E=[-116.591966491 -116.591681682 -116.585446376] res_max=5.83e-05
[  26754.4s]     dav it  27 m= 33 E=[-116.591966492 -116.591681683 -116.585446377] res_max=4.87e-05
[  27331.7s]     dav it  28 m= 36 E=[-116.591966492 -116.591681683 -116.585446378] res_max=3.93e-05
[  27907.6s]     dav it  29 m= 39 E=[-116.591966493 -116.591681683 -116.585446378] res_max=3.43e-05
[  28485.1s]     dav it  30 m= 42 E=[-116.591966493 -116.591681684 -116.585446378] res_max=3.13e-05
[  29073.5s]     dav it  31 m= 45 E=[-116.591966493 -116.591681684 -116.585446379] res_max=2.58e-05
[  29645.1s]     dav it  32 m= 48 E=[-116.591966493 -116.591681684 -116.585446379] res_max=2.35e-05
[  30312.2s]     dav it  33 m= 24 E=[-116.591966493 -116.591681684 -116.585446379] res_max=1.95e-05
[  30859.9s]     dav it  34 m= 27 E=[-116.591966493 -116.591681684 -116.585446379] res_max=1.75e-05
[  31425.9s]     dav it  35 m= 30 E=[-116.591966494 -116.591681684 -116.585446379] res_max=1.72e-05
[  31997.9s]     dav it  36 m= 33 E=[-116.591966494 -116.591681684 -116.585446379] res_max=1.67e-05
[  32571.2s]     dav it  37 m= 36 E=[-116.591966494 -116.591681684 -116.585446379] res_max=1.38e-05
[  33147.6s]     dav it  38 m= 39 E=[-116.591966494 -116.591681684 -116.585446379] res_max=1.25e-05
[  33148.9s] S4 wall budget hit -- returning current Ritz block
[  33149.0s] S4 done: 38 iters, 22839s, E=[-116.591966494 -116.591681684 -116.585446379] res=[7.84463559e-06 1.11384858e-05 1.24619883e-05]
[  33451.2s]   root0: E=-116.591966494 res=7.84e-06 S2=1.371065
[  33754.1s]   root1: E=-116.591681684 res=1.11e-05 S2=2.362748
[  34057.0s]   root2: E=-116.585446379 res=1.25e-05 S2=4.737714
[  34057.0s]   G4/G5 root0: |dE|=7.61e-11 |dS2|=5.21e-05
[  34057.0s]   G4/G5 root1: |dE|=5.79e-10 |dS2|=7.46e-04
[  34057.0s]   G4/G5 root2: |dE|=5.19e-10 |dS2|=2.99e-04
[  34057.0s] result -> tb7500_result_n7500.npz
[  34057.0s] TB7500_PARTIAL -- gates E:True res:False S2:True
TB7500_CAMPAIGN_DONE
